Archive member included to satisfy reference by file (symbol)

../Middlewares/ST/AI/Lib\NetworkRuntime500_CM4_GCC.a(ai_platform_interface.o)
                              X-CUBE-AI/App/network.o (ai_platform_api_get_network_report)
../Middlewares/ST/AI/Lib\NetworkRuntime500_CM4_GCC.a(core_common.o)
                              ../Middlewares/ST/AI/Lib\NetworkRuntime500_CM4_GCC.a(ai_platform_interface.o) (core_get_error)
../Middlewares/ST/AI/Lib\NetworkRuntime500_CM4_GCC.a(layers.o)
                              ../Middlewares/ST/AI/Lib\NetworkRuntime500_CM4_GCC.a(ai_platform_interface.o) (ai_check_custom_types)
../Middlewares/ST/AI/Lib\NetworkRuntime500_CM4_GCC.a(layers_conv2d_generic_float.o)
                              X-CUBE-AI/App/network.o (forward_dense)
../Middlewares/ST/AI/Lib\NetworkRuntime500_CM4_GCC.a(layers_nl_generic_float.o)
                              X-CUBE-AI/App/network.o (forward_relu)
../Middlewares/ST/AI/Lib\NetworkRuntime500_CM4_GCC.a(ai_datatypes_format.o)
                              ../Middlewares/ST/AI/Lib\NetworkRuntime500_CM4_GCC.a(ai_platform_interface.o) (ai_array_get_byte_size)
../Middlewares/ST/AI/Lib\NetworkRuntime500_CM4_GCC.a(ai_math_helpers.o)
                              ../Middlewares/ST/AI/Lib\NetworkRuntime500_CM4_GCC.a(layers_nl_generic_float.o) (ai_math_sqrt)
../Middlewares/ST/AI/Lib\NetworkRuntime500_CM4_GCC.a(arm_mat_init_f32.o)
                              ../Middlewares/ST/AI/Lib\NetworkRuntime500_CM4_GCC.a(layers_conv2d_generic_float.o) (arm_mat_init_f32)
c:/st/stm32cubeide_1.0.1/stm32cubeide/plugins/com.st.stm32cube.ide.mcu.externaltools.gnu-tools-for-stm32.7-2018-q2-update.win32_1.0.0.201904181610/tools/bin/../lib/gcc/arm-none-eabi/7.3.1/../../../../arm-none-eabi/lib/thumb/v7e-m/fpv4-sp/hard\libc_nano.a(lib_a-aeabi_memclr.o)
                              ../Middlewares/ST/AI/Lib\NetworkRuntime500_CM4_GCC.a(layers_nl_generic_float.o) (__aeabi_memclr)
c:/st/stm32cubeide_1.0.1/stm32cubeide/plugins/com.st.stm32cube.ide.mcu.externaltools.gnu-tools-for-stm32.7-2018-q2-update.win32_1.0.0.201904181610/tools/bin/../lib/gcc/arm-none-eabi/7.3.1/../../../../arm-none-eabi/lib/thumb/v7e-m/fpv4-sp/hard\libc_nano.a(lib_a-aeabi_memcpy.o)
                              ../Middlewares/ST/AI/Lib\NetworkRuntime500_CM4_GCC.a(ai_platform_interface.o) (__aeabi_memcpy)
c:/st/stm32cubeide_1.0.1/stm32cubeide/plugins/com.st.stm32cube.ide.mcu.externaltools.gnu-tools-for-stm32.7-2018-q2-update.win32_1.0.0.201904181610/tools/bin/../lib/gcc/arm-none-eabi/7.3.1/../../../../arm-none-eabi/lib/thumb/v7e-m/fpv4-sp/hard\libc_nano.a(lib_a-aeabi_memset-soft.o)
                              c:/st/stm32cubeide_1.0.1/stm32cubeide/plugins/com.st.stm32cube.ide.mcu.externaltools.gnu-tools-for-stm32.7-2018-q2-update.win32_1.0.0.201904181610/tools/bin/../lib/gcc/arm-none-eabi/7.3.1/../../../../arm-none-eabi/lib/thumb/v7e-m/fpv4-sp/hard\libc_nano.a(lib_a-aeabi_memclr.o) (__aeabi_memset)
c:/st/stm32cubeide_1.0.1/stm32cubeide/plugins/com.st.stm32cube.ide.mcu.externaltools.gnu-tools-for-stm32.7-2018-q2-update.win32_1.0.0.201904181610/tools/bin/../lib/gcc/arm-none-eabi/7.3.1/../../../../arm-none-eabi/lib/thumb/v7e-m/fpv4-sp/hard\libc_nano.a(lib_a-errno.o)
                              Core/Src/syscalls.o (__errno)
c:/st/stm32cubeide_1.0.1/stm32cubeide/plugins/com.st.stm32cube.ide.mcu.externaltools.gnu-tools-for-stm32.7-2018-q2-update.win32_1.0.0.201904181610/tools/bin/../lib/gcc/arm-none-eabi/7.3.1/../../../../arm-none-eabi/lib/thumb/v7e-m/fpv4-sp/hard\libc_nano.a(lib_a-exit.o)
                              c:/st/stm32cubeide_1.0.1/stm32cubeide/plugins/com.st.stm32cube.ide.mcu.externaltools.gnu-tools-for-stm32.7-2018-q2-update.win32_1.0.0.201904181610/tools/bin/../lib/gcc/arm-none-eabi/7.3.1/../../../../arm-none-eabi/lib/thumb/v7e-m/fpv4-sp/hard/crt0.o (exit)
c:/st/stm32cubeide_1.0.1/stm32cubeide/plugins/com.st.stm32cube.ide.mcu.externaltools.gnu-tools-for-stm32.7-2018-q2-update.win32_1.0.0.201904181610/tools/bin/../lib/gcc/arm-none-eabi/7.3.1/../../../../arm-none-eabi/lib/thumb/v7e-m/fpv4-sp/hard\libc_nano.a(lib_a-impure.o)
                              c:/st/stm32cubeide_1.0.1/stm32cubeide/plugins/com.st.stm32cube.ide.mcu.externaltools.gnu-tools-for-stm32.7-2018-q2-update.win32_1.0.0.201904181610/tools/bin/../lib/gcc/arm-none-eabi/7.3.1/../../../../arm-none-eabi/lib/thumb/v7e-m/fpv4-sp/hard\libc_nano.a(lib_a-exit.o) (_global_impure_ptr)
c:/st/stm32cubeide_1.0.1/stm32cubeide/plugins/com.st.stm32cube.ide.mcu.externaltools.gnu-tools-for-stm32.7-2018-q2-update.win32_1.0.0.201904181610/tools/bin/../lib/gcc/arm-none-eabi/7.3.1/../../../../arm-none-eabi/lib/thumb/v7e-m/fpv4-sp/hard\libc_nano.a(lib_a-init.o)
[...]
Memory Configuration

Name             Origin             Length             Attributes
CCMRAM           0x0000000010000000 0x0000000000010000 xrw
RAM              0x0000000020000000 0x0000000000030000 xrw
FLASH            0x0000000008000000 0x0000000000200000 xr
*default*        0x0000000000000000 0xffffffffffffffff

Linker script and memory map

LOAD c:/st/stm32cubeide_1.0.1/stm32cubeide/plugins/com.st.stm32cube.ide.mcu.externaltools.gnu-tools-for-stm32.7-2018-q2-update.win32_1.0.0.201904181610/tools/bin/../lib/gcc/arm-none-eabi/7.3.1/thumb/v7e-m/fpv4-sp/hard/crti.o
LOAD c:/st/stm32cubeide_1.0.1/stm32cubeide/plugins/com.st.stm32cube.ide.mcu.externaltools.gnu-tools-for-stm32.7-2018-q2-update.win32_1.0.0.201904181610/tools/bin/../lib/gcc/arm-none-eabi/7.3.1/thumb/v7e-m/fpv4-sp/hard/crtbegin.o
LOAD c:/st/stm32cubeide_1.0.1/stm32cubeide/plugins/com.st.stm32cube.ide.mcu.externaltools.gnu-tools-for-stm32.7-2018-q2-update.win32_1.0.0.201904181610/tools/bin/../lib/gcc/arm-none-eabi/7.3.1/../../../../arm-none-eabi/lib/thumb/v7e-m/fpv4-sp/hard/crt0.o
LOAD Core/Src/crc.o
LOAD Core/Src/dma2d.o
LOAD Core/Src/fmc.o
LOAD Core/Src/gpio.o
LOAD Core/Src/i2c.o
LOAD Core/Src/ltdc.o
LOAD Core/Src/main.o
LOAD Core/Src/spi.o
LOAD Core/Src/stm32f4xx_hal_msp.o
LOAD Core/Src/stm32f4xx_hal_timebase_tim.o
LOAD Core/Src/stm32f4xx_it.o
LOAD Core/Src/syscalls.o
LOAD Core/Src/sysmem.o
LOAD Core/Src/system_stm32f4xx.o
LOAD Core/Src/tim.o
LOAD Core/Src/usart.o
LOAD Core/Src/usb_otg.o
LOAD Core/Startup/startup_stm32f429zitx.o
LOAD Drivers/BSP/Components/ili9341.o
LOAD Drivers/BSP/Components/stmpe811.o
LOAD Drivers/BSP/STM32F429I_DISCO/stm32f429i_discovery.o
LOAD Drivers/BSP/STM32F429I_DISCO/stm32f429i_discovery_io.o
LOAD Drivers/BSP/STM32F429I_DISCO/stm32f429i_discovery_lcd.o
LOAD Drivers/BSP/STM32F429I_DISCO/stm32f429i_discovery_sdram.o
LOAD Drivers/BSP/STM32F429I_DISCO/stm32f429i_discovery_ts.o
LOAD Drivers/STM32F4xx_HAL_Driver/Src/stm32f4xx_hal.o
LOAD Drivers/STM32F4xx_HAL_Driver/Src/stm32f4xx_hal_cortex.o
LOAD Drivers/STM32F4xx_HAL_Driver/Src/stm32f4xx_hal_crc.o
LOAD Drivers/STM32F4xx_HAL_Driver/Src/stm32f4xx_hal_dma.o
LOAD Drivers/STM32F4xx_HAL_Driver/Src/stm32f4xx_hal_dma2d.o
LOAD Drivers/STM32F4xx_HAL_Driver/Src/stm32f4xx_hal_dma_ex.o
LOAD Drivers/STM32F4xx_HAL_Driver/Src/stm32f4xx_hal_dsi.o
LOAD Drivers/STM32F4xx_HAL_Driver/Src/stm32f4xx_hal_exti.o
LOAD Drivers/STM32F4xx_HAL_Driver/Src/stm32f4xx_hal_flash.o
LOAD Drivers/STM32F4xx_HAL_Driver/Src/stm32f4xx_hal_flash_ex.o
LOAD Drivers/STM32F4xx_HAL_Driver/Src/stm32f4xx_hal_flash_ramfunc.o
LOAD Drivers/STM32F4xx_HAL_Driver/Src/stm32f4xx_hal_gpio.o
LOAD Drivers/STM32F4xx_HAL_Driver/Src/stm32f4xx_hal_hcd.o
LOAD Drivers/STM32F4xx_HAL_Driver/Src/stm32f4xx_hal_i2c.o
LOAD Drivers/STM32F4xx_HAL_Driver/Src/stm32f4xx_hal_i2c_ex.o
LOAD Drivers/STM32F4xx_HAL_Driver/Src/stm32f4xx_hal_ltdc.o
LOAD Drivers/STM32F4xx_HAL_Driver/Src/stm32f4xx_hal_ltdc_ex.o
LOAD Drivers/STM32F4xx_HAL_Driver/Src/stm32f4xx_hal_pwr.o
LOAD Drivers/STM32F4xx_HAL_Driver/Src/stm32f4xx_hal_pwr_ex.o
LOAD Drivers/STM32F4xx_HAL_Driver/Src/stm32f4xx_hal_rcc.o
LOAD Drivers/STM32F4xx_HAL_Driver/Src/stm32f4xx_hal_rcc_ex.o
LOAD Drivers/STM32F4xx_HAL_Driver/Src/stm32f4xx_hal_sdram.o
LOAD Drivers/STM32F4xx_HAL_Driver/Src/stm32f4xx_hal_spi.o
LOAD Drivers/STM32F4xx_HAL_Driver/Src/stm32f4xx_hal_tim.o
LOAD Drivers/STM32F4xx_HAL_Driver/Src/stm32f4xx_hal_tim_ex.o
LOAD Drivers/STM32F4xx_HAL_Driver/Src/stm32f4xx_hal_uart.o
LOAD Drivers/STM32F4xx_HAL_Driver/Src/stm32f4xx_ll_fmc.o
LOAD Drivers/STM32F4xx_HAL_Driver/Src/stm32f4xx_ll_usb.o
LOAD Drivers/Utilities/Fonts/font12.o
LOAD Drivers/Utilities/Fonts/font16.o
LOAD Drivers/Utilities/Fonts/font20.o
LOAD Drivers/Utilities/Fonts/font24.o
LOAD Drivers/Utilities/Fonts/font8.o
LOAD X-CUBE-AI/App/app_x-cube-ai.o
LOAD X-CUBE-AI/App/network.o
LOAD X-CUBE-AI/App/network_data.o
LOAD ../Middlewares/ST/AI/Lib\NetworkRuntime500_CM4_GCC.a
START GROUP
LOAD c:/st/stm32cubeide_1.0.1/stm32cubeide/plugins/com.st.stm32cube.ide.mcu.externaltools.gnu-tools-for-stm32.7-2018-q2-update.win32_1.0.0.201904181610/tools/bin/../lib/gcc/arm-none-eabi/7.3.1/../../../../arm-none-eabi/lib/thumb/v7e-m/fpv4-sp/hard\libc_nano.a
LOAD c:/st/stm32cubeide_1.0.1/stm32cubeide/plugins/com.st.stm32cube.ide.mcu.externaltools.gnu-tools-for-stm32.7-2018-q2-update.win32_1.0.0.201904181610/tools/bin/../lib/gcc/arm-none-eabi/7.3.1/../../../../arm-none-eabi/lib/thumb/v7e-m/fpv4-sp/hard\libm.a
END GROUP
START GROUP
LOAD c:/st/stm32cubeide_1.0.1/stm32cubeide/plugins/com.st.stm32cube.ide.mcu.externaltools.gnu-tools-for-stm32.7-2018-q2-update.win32_1.0.0.201904181610/tools/bin/../lib/gcc/arm-none-eabi/7.3.1/thumb/v7e-m/fpv4-sp/hard\libgcc.a
LOAD c:/st/stm32cubeide_1.0.1/stm32cubeide/plugins/com.st.stm32cube.ide.mcu.externaltools.gnu-tools-for-stm32.7-2018-q2-update.win32_1.0.0.201904181610/tools/bin/../lib/gcc/arm-none-eabi/7.3.1/../../../../arm-none-eabi/lib/thumb/v7e-m/fpv4-sp/hard\libc_nano.a
END GROUP
START GROUP
LOAD c:/st/stm32cubeide_1.0.1/stm32cubeide/plugins/com.st.stm32cube.ide.mcu.externaltools.gnu-tools-for-stm32.7-2018-q2-update.win32_1.0.0.201904181610/tools/bin/../lib/gcc/arm-none-eabi/7.3.1/thumb/v7e-m/fpv4-sp/hard\libgcc.a
LOAD c:/st/stm32cubeide_1.0.1/stm32cubeide/plugins/com.st.stm32cube.ide.mcu.externaltools.gnu-tools-for-stm32.7-2018-q2-update.win32_1.0.0.201904181610/tools/bin/../lib/gcc/arm-none-eabi/7.3.1/../../../../arm-none-eabi/lib/thumb/v7e-m/fpv4-sp/hard\libc_nano.a
LOAD c:/st/stm32cubeide_1.0.1/stm32cubeide/plugins/com.st.stm32cube.ide.mcu.externaltools.gnu-tools-for-stm32.7-2018-q2-update.win32_1.0.0.201904181610/tools/bin/../lib/gcc/arm-none-eabi/7.3.1/../../../../arm-none-eabi/lib/thumb/v7e-m/fpv4-sp/hard\libnosys.a
END GROUP
START GROUP
LOAD c:/st/stm32cubeide_1.0.1/stm32cubeide/plugins/com.st.stm32cube.ide.mcu.externaltools.gnu-tools-for-stm32.7-2018-q2-update.win32_1.0.0.201904181610/tools/bin/../lib/gcc/arm-none-eabi/7.3.1/thumb/v7e-m/fpv4-sp/hard\libgcc.a
LOAD c:/st/stm32cubeide_1.0.1/stm32cubeide/plugins/com.st.stm32cube.ide.mcu.externaltools.gnu-tools-for-stm32.7-2018-q2-update.win32_1.0.0.201904181610/tools/bin/../lib/gcc/arm-none-eabi/7.3.1/../../../../arm-none-eabi/lib/thumb/v7e-m/fpv4-sp/hard\libc_nano.a
LOAD c:/st/stm32cubeide_1.0.1/stm32cubeide/plugins/com.st.stm32cube.ide.mcu.externaltools.gnu-tools-for-stm32.7-2018-q2-update.win32_1.0.0.201904181610/tools/bin/../lib/gcc/arm-none-eabi/7.3.1/../../../../arm-none-eabi/lib/thumb/v7e-m/fpv4-sp/hard\libnosys.a
END GROUP
LOAD c:/st/stm32cubeide_1.0.1/stm32cubeide/plugins/com.st.stm32cube.ide.mcu.externaltools.gnu-tools-for-stm32.7-2018-q2-update.win32_1.0.0.201904181610/tools/bin/../lib/gcc/arm-none-eabi/7.3.1/thumb/v7e-m/fpv4-sp/hard/crtend.o
LOAD c:/st/stm32cubeide_1.0.1/stm32cubeide/plugins/com.st.stm32cube.ide.mcu.externaltools.gnu-tools-for-stm32.7-2018-q2-update.win32_1.0.0.201904181610/tools/bin/../lib/gcc/arm-none-eabi/7.3.1/thumb/v7e-m/fpv4-sp/hard/crtn.o
                0x0000000020030000                _estack = (ORIGIN (RAM) + LENGTH (RAM))
                0x0000000000000200                _Min_Heap_Size = 0x200
                0x0000000000000400                _Min_Stack_Size = 0x400

.isr_vector     0x0000000008000000      0x1ac
                0x0000000008000000                . = ALIGN (0x4)
 *(.isr_vector)
 .isr_vector    0x0000000008000000      0x1ac Core/Startup/startup_stm32f429zitx.o
                0x0000000008000000                g_pfnVectors
                0x00000000080001ac                . = ALIGN (0x4)

.text           0x00000000080001b0    0x1264c
                0x00000000080001b0                . = ALIGN (0x4)
 *(.text)
 .text          0x00000000080001b0       0x40 c:/st/stm32cubeide_1.0.1/stm32cubeide/plugins/com.st.stm32cube.ide.mcu.externaltools.gnu-tools-for-stm32.7-2018-q2-update.win32_1.0.0.201904181610/tools/bin/../lib/gcc/arm-none-eabi/7.3.1/thumb/v7e-m/fpv4-sp/hard/crtbegin.o
 .text          0x00000000080001f0      0x93c ../Middlewares/ST/AI/Lib\NetworkRuntime500_CM4_GCC.a(ai_platform_interface.o)
                0x00000000080002d6                ai_platform_runtime_get_revision
                0x0000000008000306                ai_platform_runtime_get_version
                0x000000000800033a                ai_platform_api_get_version
                0x000000000800036e                ai_platform_interface_api_get_version
                0x00000000080003a2                ai_platform_context_acquire
                0x00000000080003de                ai_platform_context_release
                0x00000000080003e6                ai_platform_network_get_error
                0x0000000008000432                ai_platform_network_set_error
                0x000000000800043e                ai_platform_api_get_network_report
                0x00000000080005bc                ai_platform_network_create
                0x0000000008000646                ai_platform_network_destroy
                0x000000000800068c                ai_platform_network_init
                0x0000000008000744                ai_platform_network_process
 .text          0x0000000008000b2c       0x24 ../Middlewares/ST/AI/Lib\NetworkRuntime500_CM4_GCC.a(core_common.o)
                0x0000000008000b2c                core_init
                0x0000000008000b30                core_get_error
                0x0000000008000b3a                core_set_error
 .text          0x0000000008000b50      0x260 ../Middlewares/ST/AI/Lib\NetworkRuntime500_CM4_GCC.a(layers.o)
                0x0000000008000b50                ai_layers_forward_layer
                0x0000000008000b64                ai_check_custom_types
                0x0000000008000b8c                ai_layer_type_name
                0x0000000008000c9c                ai_layer_type_is_valid
                0x0000000008000cb8                ai_layers_forward_all
 .text          0x0000000008000db0     0x1798 ../Middlewares/ST/AI/Lib\NetworkRuntime500_CM4_GCC.a(layers_conv2d_generic_float.o)
                0x000000000800135c                ai_dict8_dot_array_f32
                0x00000000080014bc                ai_dict4_dot_array_f32
                0x0000000008001624                ai_dict_decompress_f32
                0x00000000080016f8                forward_conv2d
                0x0000000008001994                forward_conv2d_nl_pool
                0x0000000008001e4c                forward_dense
                0x00000000080020f4                forward_gemm
                0x00000000080023b0                forward_matmul
 .text          0x0000000008002548     0x24c4 ../Middlewares/ST/AI/Lib\NetworkRuntime500_CM4_GCC.a(layers_nl_generic_float.o)
                0x000000000800259c                nl_func_acos_array_f32
                0x00000000080025cc                forward_acos
                0x0000000008002680                nl_func_acosh_array_f32
                0x00000000080026b0                forward_acosh
                0x0000000008002764                nl_func_asin_array_f32
                0x0000000008002794                forward_asin
                0x0000000008002848                nl_func_asinh_array_f32
                0x0000000008002878                forward_asinh
                0x000000000800292c                nl_func_atan_array_f32
                0x000000000800295c                forward_atan
                0x0000000008002a10                nl_func_atanh_array_f32
                0x0000000008002a40                forward_atanh
                0x0000000008002af4                nl_func_cos_array_f32
                0x0000000008002b24                forward_cos
                0x0000000008002bd8                nl_func_cosh_array_f32
                0x0000000008002c08                forward_cosh
                0x0000000008002cbc                nl_func_erf_array_f32
                0x0000000008002cec                forward_erf
                0x0000000008002da0                nl_func_log_array_f32
                0x0000000008002dd0                forward_log
                0x0000000008002e84                nl_func_rsqrt_array_f32
                0x0000000008002ebc                forward_rsqrt
                0x0000000008002f7c                nl_func_sin_array_f32
                0x0000000008002fac                forward_sin
                0x0000000008003060                nl_func_sinh_array_f32
                0x0000000008003090                forward_sinh
                0x0000000008003144                nl_func_tan_array_f32
                0x0000000008003174                forward_tan
                0x0000000008003228                nl_func_abs_array_f32
                0x0000000008003250                forward_abs
                0x0000000008003300                nl_func_ceil_array_f32
                0x0000000008003330                forward_ceil
                0x00000000080033e4                nl_func_floor_array_f32
                0x0000000008003414                forward_floor
                0x00000000080034c8                nl_func_round_array_f32
                0x00000000080034f8                forward_round
                0x00000000080035ac                nl_func_neg_array_f32
                0x000000000800361c                forward_neg
                0x0000000008003714                nl_func_reciprocal_array_f32
                0x0000000008003790                forward_reciprocal
                0x0000000008003894                nl_func_exp_array_f32
                0x00000000080038c4                forward_exp
                0x0000000008003978                nl_func_sigmoid_array_f32
                0x00000000080039bc                forward_sigmoid
                0x0000000008003a84                nl_func_sign_array_f32
                0x0000000008003ac4                forward_sign
                0x0000000008003b94                nl_func_sqrt_array_f32
                0x0000000008003bc4                forward_sqrt
                0x0000000008003c7c                nl_func_soft_plus_array_f32
                0x0000000008003cb8                forward_soft_plus
                0x0000000008003d78                nl_func_soft_sign_array_f32
                0x0000000008003db0                forward_soft_sign
                0x0000000008003e70                nl_func_tanh_array_f32
                0x0000000008003ea0                forward_tanh
                0x0000000008003f54                nl_func_relu_array_f32
                0x0000000008003f88                nl_func_sm_channel_f32
                0x00000000080040ac                nl_func_sm_array_f32
                0x0000000008004108                nl_func_hard_sigmoid_array_f32
                0x0000000008004168                nl_func_clip_array_f32
                0x00000000080041b4                nl_func_hardmax_array_f32
                0x0000000008004298                nl_func_relu_generic_array_f32
                0x0000000008004350                nl_func_relu_thresholded_array_f32
                0x0000000008004388                nl_func_elu_array_f32
                0x000000000800440c                nl_func_selu_array_f32
                0x0000000008004490                nl_func_prelu_array_f32
                0x00000000080044f0                forward_relu
                0x00000000080045a4                forward_relu_thresholded
                0x000000000800466c                forward_elu
                0x00000000080046bc                forward_selu
                0x000000000800470c                forward_prelu
                0x0000000008004830                forward_clip
                0x0000000008004880                forward_hard_sigmoid
                0x0000000008004970                forward_sm
                0x00000000080049c4                forward_hardmax
 .text          0x0000000008004a0c      0x8f0 ../Middlewares/ST/AI/Lib\NetworkRuntime500_CM4_GCC.a(ai_datatypes_format.o)
                0x0000000008004a0c                ai_array_fmt_name
                0x0000000008004bb6                ai_array_fmt_exported
                0x0000000008004c9a                ai_array_fmt_valid
                0x0000000008004d80                ai_array_fmt_get_formats
                0x0000000008004d90                ai_buffer_fmt_name
                0x0000000008004e56                ai_buffer_fmt_valid
                0x0000000008004ec4                ai_buffer_fmt_get_formats
                0x0000000008004ecc                ai_array_to_buffer_fmt
                0x0000000008004f78                ai_buffer_to_array_fmt
                0x000000000800507c                ai_array_get_byte_size
                0x00000000080050d2                ai_array_get_data_byte_size
                0x00000000080050fa                ai_array_get_elems_from_size
 .text          0x00000000080052fc      0x10c ../Middlewares/ST/AI/Lib\NetworkRuntime500_CM4_GCC.a(ai_math_helpers.o)
                0x00000000080052fc                ai_math_sqrt
                0x0000000008005314                ai_math_exp
                0x0000000008005318                ai_math_pow
                0x000000000800531c                ai_math_tanh
                0x0000000008005320                ai_math_cosh
                0x0000000008005324                ai_math_relu
                0x0000000008005334                ai_math_prelu
                0x0000000008005344                ai_math_sigmoid
                0x0000000008005364                ai_math_hard_sigmoid
                0x0000000008005398                ai_math_sign
                0x00000000080053c4                ai_div
                0x00000000080053ca                ai_floor_div
                0x00000000080053d2                ai_floor_mod
                0x00000000080053d6                ai_max
                0x00000000080053e6                ai_min
                0x00000000080053f6                ai_mul
                0x00000000080053fc                ai_sub
                0x0000000008005402                ai_sum
 .text          0x0000000008005408        0x8 ../Middlewares/ST/AI/Lib\NetworkRuntime500_CM4_GCC.a(arm_mat_init_f32.o)
                0x0000000008005408                arm_mat_init_f32
 .text          0x0000000008005410       0x9a c:/st/stm32cubeide_1.0.1/stm32cubeide/plugins/com.st.stm32cube.ide.mcu.externaltools.gnu-tools-for-stm32.7-2018-q2-update.win32_1.0.0.201904181610/tools/bin/../lib/gcc/arm-none-eabi/7.3.1/../../../../arm-none-eabi/lib/thumb/v7e-m/fpv4-sp/hard\libc_nano.a(lib_a-aeabi_memset-soft.o)
                0x0000000008005410                __aeabi_memset8
                0x0000000008005410                __aeabi_memset4
                0x0000000008005410                __aeabi_memset
 *fill*         0x00000000080054aa        0x2 
 .text          0x00000000080054ac      0x378 c:/st/stm32cubeide_1.0.1/stm32cubeide/plugins/com.st.stm32cube.ide.mcu.externaltools.gnu-tools-for-stm32.7-2018-q2-update.win32_1.0.0.201904181610/tools/bin/../lib/gcc/arm-none-eabi/7.3.1/thumb/v7e-m/fpv4-sp/hard\libgcc.a(_arm_addsubdf3.o)
                0x00000000080054ac                __aeabi_drsub
                0x00000000080054b4                __aeabi_dsub
                0x00000000080054b4                __subdf3
                0x00000000080054b8                __aeabi_dadd
                0x00000000080054b8                __adddf3
                0x0000000008005730                __floatunsidf
                0x0000000008005730                __aeabi_ui2d
                0x0000000008005750                __floatsidf
                0x0000000008005750                __aeabi_i2d
                0x0000000008005774                __aeabi_f2d
                0x0000000008005774                __extendsfdf2
                0x00000000080057b8                __floatundidf
                0x00000000080057b8                __aeabi_ul2d
                0x00000000080057c8                __floatdidf
                0x00000000080057c8                __aeabi_l2d
 .text          0x0000000008005824      0x424 c:/st/stm32cubeide_1.0.1/stm32cubeide/plugins/com.st.stm32cube.ide.mcu.externaltools.gnu-tools-for-stm32.7-2018-q2-update.win32_1.0.0.201904181610/tools/bin/../lib/gcc/arm-none-eabi/7.3.1/thumb/v7e-m/fpv4-sp/hard\libgcc.a(_arm_muldivdf3.o)
                0x0000000008005824                __aeabi_dmul
                0x0000000008005824                __muldf3
                0x0000000008005a78                __divdf3
                0x0000000008005a78                __aeabi_ddiv
 .text          0x0000000008005c48       0xa0 c:/st/stm32cubeide_1.0.1/stm32cubeide/plugins/com.st.stm32cube.ide.mcu.externaltools.gnu-tools-for-stm32.7-2018-q2-update.win32_1.0.0.201904181610/tools/bin/../lib/gcc/arm-none-eabi/7.3.1/thumb/v7e-m/fpv4-sp/hard\libgcc.a(_arm_truncdfsf2.o)
                0x0000000008005c48                __truncdfsf2
                0x0000000008005c48                __aeabi_d2f
 .text          0x0000000008005ce8       0x30 c:/st/stm32cubeide_1.0.1/stm32cubeide/plugins/com.st.stm32cube.ide.mcu.externaltools.gnu-tools-for-stm32.7-2018-q2-update.win32_1.0.0.201904181610/tools/bin/../lib/gcc/arm-none-eabi/7.3.1/thumb/v7e-m/fpv4-sp/hard\libgcc.a(_aeabi_uldivmod.o)
                0x0000000008005ce8                __aeabi_uldivmod
 .text          0x0000000008005d18      0x2cc c:/st/stm32cubeide_1.0.1/stm32cubeide/plugins/com.st.stm32cube.ide.mcu.externaltools.gnu-tools-for-stm32.7-2018-q2-update.win32_1.0.0.201904181610/tools/bin/../lib/gcc/arm-none-eabi/7.3.1/thumb/v7e-m/fpv4-sp/hard\libgcc.a(_udivmoddi4.o)
                0x0000000008005d18                __udivmoddi4
 .text          0x0000000008005fe4        0x4 c:/st/stm32cubeide_1.0.1/stm32cubeide/plugins/com.st.stm32cube.ide.mcu.externaltools.gnu-tools-for-stm32.7-2018-q2-update.win32_1.0.0.201904181610/tools/bin/../lib/gcc/arm-none-eabi/7.3.1/thumb/v7e-m/fpv4-sp/hard\libgcc.a(_dvmd_tls.o)
                0x0000000008005fe4                __aeabi_idiv0
                0x0000000008005fe4                __aeabi_ldiv0
 *(.text*)
 .text.MX_CRC_Init
                0x0000000008005fe8       0x28 Core/Src/crc.o
                0x0000000008005fe8                MX_CRC_Init
 .text.HAL_CRC_MspInit
                0x0000000008006010       0x44 Core/Src/crc.o
                0x0000000008006010                HAL_CRC_MspInit
 .text.HAL_DMA2D_MspInit
                0x0000000008006054       0x50 Core/Src/dma2d.o
                0x0000000008006054                HAL_DMA2D_MspInit
 .text.HAL_FMC_MspInit
                0x00000000080060a4      0x124 Core/Src/fmc.o
 .text.HAL_SDRAM_MspInit
                0x00000000080061c8       0x14 Core/Src/fmc.o
                0x00000000080061c8                HAL_SDRAM_MspInit
 .text.MX_GPIO_Init
                0x00000000080061dc      0x220 Core/Src/gpio.o
                0x00000000080061dc                MX_GPIO_Init
 .text.MX_I2C3_Init
                0x00000000080063fc       0x80 Core/Src/i2c.o
                0x00000000080063fc                MX_I2C3_Init
 .text.HAL_I2C_MspInit
                0x000000000800647c       0xd4 Core/Src/i2c.o
                0x000000000800647c                HAL_I2C_MspInit
 .text.HAL_LTDC_MspInit
                0x0000000008006550      0x22c Core/Src/ltdc.o
                0x0000000008006550                HAL_LTDC_MspInit
 .text.main     0x000000000800677c       0x5c Core/Src/main.o
                0x000000000800677c                main
 .text.SystemClock_Config
                0x00000000080067d8      0x104 Core/Src/main.o
                0x00000000080067d8                SystemClock_Config
 .text.LCD_Config
                0x00000000080068dc       0x4c Core/Src/main.o
 .text.HAL_TIM_PeriodElapsedCallback
                0x0000000008006928       0x24 Core/Src/main.o
                0x0000000008006928                HAL_TIM_PeriodElapsedCallback
 .text.Error_Handler
                0x000000000800694c        0xe Core/Src/main.o
                0x000000000800694c                Error_Handler
 *fill*         0x000000000800695a        0x2 
 .text.MX_SPI5_Init
                0x000000000800695c       0x6c Core/Src/spi.o
                0x000000000800695c                MX_SPI5_Init
 .text.HAL_SPI_MspInit
                0x00000000080069c8       0x90 Core/Src/spi.o
                0x00000000080069c8                HAL_SPI_MspInit
 .text.HAL_SPI_MspDeInit
                0x0000000008006a58       0x3c Core/Src/spi.o
                0x0000000008006a58                HAL_SPI_MspDeInit
 .text.HAL_MspInit
                0x0000000008006a94       0x50 Core/Src/stm32f4xx_hal_msp.o
                0x0000000008006a94                HAL_MspInit
 .text.HAL_InitTick
                0x0000000008006ae4       0xb4 Core/Src/stm32f4xx_hal_timebase_tim.o
                0x0000000008006ae4                HAL_InitTick
 .text.NMI_Handler
                0x0000000008006b98        0xe Core/Src/stm32f4xx_it.o
                0x0000000008006b98                NMI_Handler
 .text.HardFault_Handler
                0x0000000008006ba6        0x6 Core/Src/stm32f4xx_it.o
                0x0000000008006ba6                HardFault_Handler
 .text.MemManage_Handler
                0x0000000008006bac        0x6 Core/Src/stm32f4xx_it.o
                0x0000000008006bac                MemManage_Handler
 .text.BusFault_Handler
                0x0000000008006bb2        0x6 Core/Src/stm32f4xx_it.o
                0x0000000008006bb2                BusFault_Handler
 .text.UsageFault_Handler
                0x0000000008006bb8        0x6 Core/Src/stm32f4xx_it.o
                0x0000000008006bb8                UsageFault_Handler
 .text.SVC_Handler
                0x0000000008006bbe        0xe Core/Src/stm32f4xx_it.o
                0x0000000008006bbe                SVC_Handler
 .text.DebugMon_Handler
                0x0000000008006bcc        0xe Core/Src/stm32f4xx_it.o
                0x0000000008006bcc                DebugMon_Handler
 .text.PendSV_Handler
                0x0000000008006bda        0xe Core/Src/stm32f4xx_it.o
                0x0000000008006bda                PendSV_Handler
 .text.TIM6_DAC_IRQHandler
                0x0000000008006be8       0x14 Core/Src/stm32f4xx_it.o
                0x0000000008006be8                TIM6_DAC_IRQHandler
 .text.OTG_HS_IRQHandler
                0x0000000008006bfc       0x14 Core/Src/stm32f4xx_it.o
                0x0000000008006bfc                OTG_HS_IRQHandler
 .text.LTDC_IRQHandler
                0x0000000008006c10       0x14 Core/Src/stm32f4xx_it.o
                0x0000000008006c10                LTDC_IRQHandler
 .text.DMA2D_IRQHandler
                0x0000000008006c24       0x14 Core/Src/stm32f4xx_it.o
                0x0000000008006c24                DMA2D_IRQHandler
 .text.SystemInit
                0x0000000008006c38       0x2c Core/Src/system_stm32f4xx.o
                0x0000000008006c38                SystemInit
 .text.MX_TIM1_Init
                0x0000000008006c64       0xa0 Core/Src/tim.o
                0x0000000008006c64                MX_TIM1_Init
 .text.HAL_TIM_Base_MspInit
                0x0000000008006d04       0x44 Core/Src/tim.o
                0x0000000008006d04                HAL_TIM_Base_MspInit
 .text.MX_USART1_UART_Init
                0x0000000008006d48       0x54 Core/Src/usart.o
                0x0000000008006d48                MX_USART1_UART_Init
 .text.HAL_UART_MspInit
                0x0000000008006d9c       0x90 Core/Src/usart.o
                0x0000000008006d9c                HAL_UART_MspInit
 .text.MX_USB_OTG_HS_HCD_Init
                0x0000000008006e2c       0x58 Core/Src/usb_otg.o
                0x0000000008006e2c                MX_USB_OTG_HS_HCD_Init
 .text.HAL_HCD_MspInit
                0x0000000008006e84       0xbc Core/Src/usb_otg.o
                0x0000000008006e84                HAL_HCD_MspInit
 .text.Reset_Handler
                0x0000000008006f40       0x50 Core/Startup/startup_stm32f429zitx.o
                0x0000000008006f40                Reset_Handler
 .text.Default_Handler
                0x0000000008006f90        0x2 Core/Startup/startup_stm32f429zitx.o
                0x0000000008006f90                RTC_Alarm_IRQHandler
                0x0000000008006f90                HASH_RNG_IRQHandler
                0x0000000008006f90                EXTI2_IRQHandler
                0x0000000008006f90                TIM8_CC_IRQHandler
                0x0000000008006f90                UART8_IRQHandler
                0x0000000008006f90                SPI4_IRQHandler
                0x0000000008006f90                TIM1_CC_IRQHandler
                0x0000000008006f90                DMA2_Stream5_IRQHandler
                0x0000000008006f90                DMA1_Stream5_IRQHandler
                0x0000000008006f90                SysTick_Handler
                0x0000000008006f90                PVD_IRQHandler
                0x0000000008006f90                SDIO_IRQHandler
                0x0000000008006f90                TAMP_STAMP_IRQHandler
                0x0000000008006f90                CAN2_RX1_IRQHandler
                0x0000000008006f90                EXTI3_IRQHandler
                0x0000000008006f90                TIM8_TRG_COM_TIM14_IRQHandler
                0x0000000008006f90                TIM1_UP_TIM10_IRQHandler
                0x0000000008006f90                TIM8_UP_TIM13_IRQHandler
                0x0000000008006f90                I2C3_ER_IRQHandler
                0x0000000008006f90                EXTI0_IRQHandler
                0x0000000008006f90                I2C2_EV_IRQHandler
                0x0000000008006f90                DMA1_Stream2_IRQHandler
                0x0000000008006f90                CAN1_RX0_IRQHandler
                0x0000000008006f90                FPU_IRQHandler
                0x0000000008006f90                OTG_HS_WKUP_IRQHandler
                0x0000000008006f90                LTDC_ER_IRQHandler
                0x0000000008006f90                CAN2_SCE_IRQHandler
                0x0000000008006f90                DMA2_Stream2_IRQHandler
                0x0000000008006f90                SPI1_IRQHandler
                0x0000000008006f90                TIM1_BRK_TIM9_IRQHandler
                0x0000000008006f90                DCMI_IRQHandler
                0x0000000008006f90                CAN2_RX0_IRQHandler
                0x0000000008006f90                DMA2_Stream3_IRQHandler
                0x0000000008006f90                USART6_IRQHandler
                0x0000000008006f90                USART3_IRQHandler
                0x0000000008006f90                CAN1_RX1_IRQHandler
                0x0000000008006f90                UART5_IRQHandler
                0x0000000008006f90                DMA2_Stream0_IRQHandler
                0x0000000008006f90                TIM4_IRQHandler
                0x0000000008006f90                I2C1_EV_IRQHandler
                0x0000000008006f90                DMA1_Stream6_IRQHandler
                0x0000000008006f90                DMA1_Stream1_IRQHandler
                0x0000000008006f90                UART4_IRQHandler
                0x0000000008006f90                TIM3_IRQHandler
                0x0000000008006f90                RCC_IRQHandler
                0x0000000008006f90                TIM8_BRK_TIM12_IRQHandler
                0x0000000008006f90                Default_Handler
                0x0000000008006f90                EXTI15_10_IRQHandler
                0x0000000008006f90                ADC_IRQHandler
                0x0000000008006f90                DMA1_Stream7_IRQHandler
                0x0000000008006f90                SPI5_IRQHandler
                0x0000000008006f90                TIM7_IRQHandler
                0x0000000008006f90                CAN2_TX_IRQHandler
                0x0000000008006f90                TIM5_IRQHandler
                0x0000000008006f90                DMA2_Stream7_IRQHandler
                0x0000000008006f90                I2C3_EV_IRQHandler
                0x0000000008006f90                EXTI9_5_IRQHandler
                0x0000000008006f90                RTC_WKUP_IRQHandler
                0x0000000008006f90                ETH_WKUP_IRQHandler
                0x0000000008006f90                SPI2_IRQHandler
                0x0000000008006f90                OTG_HS_EP1_IN_IRQHandler
                0x0000000008006f90                DMA1_Stream0_IRQHandler
                0x0000000008006f90                CAN1_TX_IRQHandler
                0x0000000008006f90                EXTI4_IRQHandler
                0x0000000008006f90                ETH_IRQHandler
                0x0000000008006f90                OTG_HS_EP1_OUT_IRQHandler
                0x0000000008006f90                WWDG_IRQHandler
                0x0000000008006f90                SPI6_IRQHandler
                0x0000000008006f90                TIM2_IRQHandler
                0x0000000008006f90                OTG_FS_WKUP_IRQHandler
                0x0000000008006f90                TIM1_TRG_COM_TIM11_IRQHandler
                0x0000000008006f90                EXTI1_IRQHandler
                0x0000000008006f90                UART7_IRQHandler
                0x0000000008006f90                USART2_IRQHandler
                0x0000000008006f90                I2C2_ER_IRQHandler
                0x0000000008006f90                DMA2_Stream1_IRQHandler
                0x0000000008006f90                CAN1_SCE_IRQHandler
                0x0000000008006f90                FLASH_IRQHandler
                0x0000000008006f90                DMA2_Stream4_IRQHandler
                0x0000000008006f90                USART1_IRQHandler
                0x0000000008006f90                OTG_FS_IRQHandler
                0x0000000008006f90                SPI3_IRQHandler
                0x0000000008006f90                DMA1_Stream4_IRQHandler
                0x0000000008006f90                I2C1_ER_IRQHandler
                0x0000000008006f90                FMC_IRQHandler
                0x0000000008006f90                DMA2_Stream6_IRQHandler
                0x0000000008006f90                SAI1_IRQHandler
                0x0000000008006f90                DMA1_Stream3_IRQHandler
 .text.ili9341_Init
                0x0000000008006f92      0x294 Drivers/BSP/Components/ili9341.o
                0x0000000008006f92                ili9341_Init
 .text.ili9341_ReadID
                0x0000000008007226       0x18 Drivers/BSP/Components/ili9341.o
                0x0000000008007226                ili9341_ReadID
 .text.ili9341_DisplayOn
                0x000000000800723e        0xe Drivers/BSP/Components/ili9341.o
                0x000000000800723e                ili9341_DisplayOn
 .text.ili9341_DisplayOff
                0x000000000800724c        0xe Drivers/BSP/Components/ili9341.o
                0x000000000800724c                ili9341_DisplayOff
 .text.ili9341_WriteReg
                0x000000000800725a       0x1a Drivers/BSP/Components/ili9341.o
                0x000000000800725a                ili9341_WriteReg
 .text.ili9341_WriteData
                0x0000000008007274       0x1a Drivers/BSP/Components/ili9341.o
                0x0000000008007274                ili9341_WriteData
 .text.ili9341_ReadData
                0x000000000800728e       0x26 Drivers/BSP/Components/ili9341.o
                0x000000000800728e                ili9341_ReadData
 .text.ili9341_GetLcdPixelWidth
                0x00000000080072b4       0x10 Drivers/BSP/Components/ili9341.o
                0x00000000080072b4                ili9341_GetLcdPixelWidth
 .text.ili9341_GetLcdPixelHeight
                0x00000000080072c4       0x12 Drivers/BSP/Components/ili9341.o
                0x00000000080072c4                ili9341_GetLcdPixelHeight
 *fill*         0x00000000080072d6        0x2 
 .text.SPIx_Init
                0x00000000080072d8       0x74 Drivers/BSP/STM32F429I_DISCO/stm32f429i_discovery.o
 .text.SPIx_Read
                0x000000000800734c       0x40 Drivers/BSP/STM32F429I_DISCO/stm32f429i_discovery.o
 .text.SPIx_Write
                0x000000000800738c       0x3c Drivers/BSP/STM32F429I_DISCO/stm32f429i_discovery.o
 .text.SPIx_Error
                0x00000000080073c8       0x18 Drivers/BSP/STM32F429I_DISCO/stm32f429i_discovery.o
 .text.SPIx_MspInit
                0x00000000080073e0       0x74 Drivers/BSP/STM32F429I_DISCO/stm32f429i_discovery.o
 .text.LCD_IO_Init
                0x0000000008007454       0xf0 Drivers/BSP/STM32F429I_DISCO/stm32f429i_discovery.o
                0x0000000008007454                LCD_IO_Init
 .text.LCD_IO_WriteData
                0x0000000008007544       0x44 Drivers/BSP/STM32F429I_DISCO/stm32f429i_discovery.o
                0x0000000008007544                LCD_IO_WriteData
 .text.LCD_IO_WriteReg
                0x0000000008007588       0x44 Drivers/BSP/STM32F429I_DISCO/stm32f429i_discovery.o
                0x0000000008007588                LCD_IO_WriteReg
 .text.LCD_IO_ReadData
                0x00000000080075cc       0x64 Drivers/BSP/STM32F429I_DISCO/stm32f429i_discovery.o
                0x00000000080075cc                LCD_IO_ReadData
 .text.LCD_Delay
                0x0000000008007630       0x16 Drivers/BSP/STM32F429I_DISCO/stm32f429i_discovery.o
                0x0000000008007630                LCD_Delay
 *fill*         0x0000000008007646        0x2 
 .text.BSP_LCD_Init
                0x0000000008007648       0xd4 Drivers/BSP/STM32F429I_DISCO/stm32f429i_discovery_lcd.o
                0x0000000008007648                BSP_LCD_Init
 .text.BSP_LCD_GetXSize
                0x000000000800771c       0x18 Drivers/BSP/STM32F429I_DISCO/stm32f429i_discovery_lcd.o
                0x000000000800771c                BSP_LCD_GetXSize
 .text.BSP_LCD_GetYSize
                0x0000000008007734       0x18 Drivers/BSP/STM32F429I_DISCO/stm32f429i_discovery_lcd.o
                0x0000000008007734                BSP_LCD_GetYSize
 .text.BSP_LCD_LayerDefaultInit
                0x000000000800774c       0xc8 Drivers/BSP/STM32F429I_DISCO/stm32f429i_discovery_lcd.o
                0x000000000800774c                BSP_LCD_LayerDefaultInit
 .text.BSP_LCD_SelectLayer
                0x0000000008007814       0x20 Drivers/BSP/STM32F429I_DISCO/stm32f429i_discovery_lcd.o
                0x0000000008007814                BSP_LCD_SelectLayer
 .text.BSP_LCD_SetTransparency
                0x0000000008007834       0x24 Drivers/BSP/STM32F429I_DISCO/stm32f429i_discovery_lcd.o
                0x0000000008007834                BSP_LCD_SetTransparency
 .text.BSP_LCD_SetTextColor
                0x0000000008007858       0x30 Drivers/BSP/STM32F429I_DISCO/stm32f429i_discovery_lcd.o
                0x0000000008007858                BSP_LCD_SetTextColor
 .text.BSP_LCD_SetBackColor
                0x0000000008007888       0x34 Drivers/BSP/STM32F429I_DISCO/stm32f429i_discovery_lcd.o
                0x0000000008007888                BSP_LCD_SetBackColor
 .text.BSP_LCD_SetFont
                0x00000000080078bc       0x34 Drivers/BSP/STM32F429I_DISCO/stm32f429i_discovery_lcd.o
                0x00000000080078bc                BSP_LCD_SetFont
 .text.BSP_LCD_GetFont
                0x00000000080078f0       0x2c Drivers/BSP/STM32F429I_DISCO/stm32f429i_discovery_lcd.o
                0x00000000080078f0                BSP_LCD_GetFont
 .text.BSP_LCD_Clear
                0x000000000800791c       0x50 Drivers/BSP/STM32F429I_DISCO/stm32f429i_discovery_lcd.o
                0x000000000800791c                BSP_LCD_Clear
 .text.BSP_LCD_DisplayChar
                0x000000000800796c       0x88 Drivers/BSP/STM32F429I_DISCO/stm32f429i_discovery_lcd.o
                0x000000000800796c                BSP_LCD_DisplayChar
 .text.BSP_LCD_DisplayStringAt
                0x00000000080079f4      0x174 Drivers/BSP/STM32F429I_DISCO/stm32f429i_discovery_lcd.o
                0x00000000080079f4                BSP_LCD_DisplayStringAt
 .text.BSP_LCD_DisplayStringAtLine
                0x0000000008007b68       0x2e Drivers/BSP/STM32F429I_DISCO/stm32f429i_discovery_lcd.o
                0x0000000008007b68                BSP_LCD_DisplayStringAtLine
 *fill*         0x0000000008007b96        0x2 
 .text.BSP_LCD_DrawHLine
                0x0000000008007b98       0x7c Drivers/BSP/STM32F429I_DISCO/stm32f429i_discovery_lcd.o
                0x0000000008007b98                BSP_LCD_DrawHLine
 .text.BSP_LCD_DrawCircle
                0x0000000008007c14      0x1e0 Drivers/BSP/STM32F429I_DISCO/stm32f429i_discovery_lcd.o
                0x0000000008007c14                BSP_LCD_DrawCircle
 .text.BSP_LCD_FillRect
                0x0000000008007df4       0xb4 Drivers/BSP/STM32F429I_DISCO/stm32f429i_discovery_lcd.o
                0x0000000008007df4                BSP_LCD_FillRect
 .text.BSP_LCD_FillCircle
                0x0000000008007ea8      0x140 Drivers/BSP/STM32F429I_DISCO/stm32f429i_discovery_lcd.o
                0x0000000008007ea8                BSP_LCD_FillCircle
 .text.BSP_LCD_DisplayOn
                0x0000000008007fe8       0x20 Drivers/BSP/STM32F429I_DISCO/stm32f429i_discovery_lcd.o
                0x0000000008007fe8                BSP_LCD_DisplayOn
 .text.BSP_LCD_MspInit
                0x0000000008008008      0x1ac Drivers/BSP/STM32F429I_DISCO/stm32f429i_discovery_lcd.o
                0x0000000008008008                BSP_LCD_MspInit
 .text.BSP_LCD_DrawPixel
                0x00000000080081b4       0x4c Drivers/BSP/STM32F429I_DISCO/stm32f429i_discovery_lcd.o
                0x00000000080081b4                BSP_LCD_DrawPixel
 .text.DrawChar
                0x0000000008008200      0x174 Drivers/BSP/STM32F429I_DISCO/stm32f429i_discovery_lcd.o
 .text.FillBuffer
                0x0000000008008374       0x70 Drivers/BSP/STM32F429I_DISCO/stm32f429i_discovery_lcd.o
 .text.BSP_SDRAM_Init
                0x00000000080083e4       0xbc Drivers/BSP/STM32F429I_DISCO/stm32f429i_discovery_sdram.o
                0x00000000080083e4                BSP_SDRAM_Init
 .text.BSP_SDRAM_Initialization_sequence
                0x00000000080084a0       0xc0 Drivers/BSP/STM32F429I_DISCO/stm32f429i_discovery_sdram.o
                0x00000000080084a0                BSP_SDRAM_Initialization_sequence
 .text.BSP_SDRAM_MspInit
                0x0000000008008560      0x218 Drivers/BSP/STM32F429I_DISCO/stm32f429i_discovery_sdram.o
                0x0000000008008560                BSP_SDRAM_MspInit
 .text.HAL_Init
                0x0000000008008778       0x44 Drivers/STM32F4xx_HAL_Driver/Src/stm32f4xx_hal.o
                0x0000000008008778                HAL_Init
 .text.HAL_IncTick
                0x00000000080087bc       0x28 Drivers/STM32F4xx_HAL_Driver/Src/stm32f4xx_hal.o
                0x00000000080087bc                HAL_IncTick
 .text.HAL_GetTick
                0x00000000080087e4       0x18 Drivers/STM32F4xx_HAL_Driver/Src/stm32f4xx_hal.o
                0x00000000080087e4                HAL_GetTick
 .text.HAL_Delay
                0x00000000080087fc       0x44 Drivers/STM32F4xx_HAL_Driver/Src/stm32f4xx_hal.o
                0x00000000080087fc                HAL_Delay
 .text.__NVIC_SetPriorityGrouping
                0x0000000008008840       0x48 Drivers/STM32F4xx_HAL_Driver/Src/stm32f4xx_hal_cortex.o
 .text.__NVIC_GetPriorityGrouping
                0x0000000008008888       0x1c Drivers/STM32F4xx_HAL_Driver/Src/stm32f4xx_hal_cortex.o
 .text.__NVIC_EnableIRQ
                0x00000000080088a4       0x3c Drivers/STM32F4xx_HAL_Driver/Src/stm32f4xx_hal_cortex.o
 .text.__NVIC_SetPriority
                0x00000000080088e0       0x54 Drivers/STM32F4xx_HAL_Driver/Src/stm32f4xx_hal_cortex.o
 .text.NVIC_EncodePriority
                0x0000000008008934       0x66 Drivers/STM32F4xx_HAL_Driver/Src/stm32f4xx_hal_cortex.o
 .text.HAL_NVIC_SetPriorityGrouping
                0x000000000800899a       0x16 Drivers/STM32F4xx_HAL_Driver/Src/stm32f4xx_hal_cortex.o
                0x000000000800899a                HAL_NVIC_SetPriorityGrouping
 .text.HAL_NVIC_SetPriority
                0x00000000080089b0       0x38 Drivers/STM32F4xx_HAL_Driver/Src/stm32f4xx_hal_cortex.o
                0x00000000080089b0                HAL_NVIC_SetPriority
 .text.HAL_NVIC_EnableIRQ
                0x00000000080089e8       0x1c Drivers/STM32F4xx_HAL_Driver/Src/stm32f4xx_hal_cortex.o
                0x00000000080089e8                HAL_NVIC_EnableIRQ
 .text.HAL_CRC_Init
                0x0000000008008a04       0x38 Drivers/STM32F4xx_HAL_Driver/Src/stm32f4xx_hal_crc.o
                0x0000000008008a04                HAL_CRC_Init
 .text.HAL_DMA_Init
                0x0000000008008a3c      0x15c Drivers/STM32F4xx_HAL_Driver/Src/stm32f4xx_hal_dma.o
                0x0000000008008a3c                HAL_DMA_Init
 .text.HAL_DMA_DeInit
                0x0000000008008b98       0xbc Drivers/STM32F4xx_HAL_Driver/Src/stm32f4xx_hal_dma.o
                0x0000000008008b98                HAL_DMA_DeInit
 .text.DMA_CalcBaseAndBitshift
                0x0000000008008c54       0x6c Drivers/STM32F4xx_HAL_Driver/Src/stm32f4xx_hal_dma.o
 .text.DMA_CheckFifoParam
                0x0000000008008cc0       0xf4 Drivers/STM32F4xx_HAL_Driver/Src/stm32f4xx_hal_dma.o
 .text.HAL_DMA2D_Init
                0x0000000008008db4       0x92 Drivers/STM32F4xx_HAL_Driver/Src/stm32f4xx_hal_dma2d.o
                0x0000000008008db4                HAL_DMA2D_Init
 .text.HAL_DMA2D_Start
                0x0000000008008e46       0x56 Drivers/STM32F4xx_HAL_Driver/Src/stm32f4xx_hal_dma2d.o
                0x0000000008008e46                HAL_DMA2D_Start
 .text.HAL_DMA2D_PollForTransfer
                0x0000000008008e9c      0x1d2 Drivers/STM32F4xx_HAL_Driver/Src/stm32f4xx_hal_dma2d.o
                0x0000000008008e9c                HAL_DMA2D_PollForTransfer
 .text.HAL_DMA2D_IRQHandler
                0x000000000800906e      0x1f8 Drivers/STM32F4xx_HAL_Driver/Src/stm32f4xx_hal_dma2d.o
                0x000000000800906e                HAL_DMA2D_IRQHandler
 .text.HAL_DMA2D_LineEventCallback
                0x0000000008009266       0x14 Drivers/STM32F4xx_HAL_Driver/Src/stm32f4xx_hal_dma2d.o
                0x0000000008009266                HAL_DMA2D_LineEventCallback
 .text.HAL_DMA2D_CLUTLoadingCpltCallback
                0x000000000800927a       0x14 Drivers/STM32F4xx_HAL_Driver/Src/stm32f4xx_hal_dma2d.o
                0x000000000800927a                HAL_DMA2D_CLUTLoadingCpltCallback
 *fill*         0x000000000800928e        0x2 
 .text.HAL_DMA2D_ConfigLayer
                0x0000000008009290      0x124 Drivers/STM32F4xx_HAL_Driver/Src/stm32f4xx_hal_dma2d.o
                0x0000000008009290                HAL_DMA2D_ConfigLayer
 .text.DMA2D_SetConfig
                0x00000000080093b4      0x138 Drivers/STM32F4xx_HAL_Driver/Src/stm32f4xx_hal_dma2d.o
 .text.HAL_GPIO_Init
                0x00000000080094ec      0x354 Drivers/STM32F4xx_HAL_Driver/Src/stm32f4xx_hal_gpio.o
                0x00000000080094ec                HAL_GPIO_Init
 .text.HAL_GPIO_DeInit
                0x0000000008009840      0x214 Drivers/STM32F4xx_HAL_Driver/Src/stm32f4xx_hal_gpio.o
                0x0000000008009840                HAL_GPIO_DeInit
 .text.HAL_GPIO_WritePin
                0x0000000008009a54       0x32 Drivers/STM32F4xx_HAL_Driver/Src/stm32f4xx_hal_gpio.o
                0x0000000008009a54                HAL_GPIO_WritePin
 .text.HAL_HCD_Init
                0x0000000008009a86       0xc4 Drivers/STM32F4xx_HAL_Driver/Src/stm32f4xx_hal_hcd.o
                0x0000000008009a86                HAL_HCD_Init
 .text.HAL_HCD_IRQHandler
                0x0000000008009b4a      0x208 Drivers/STM32F4xx_HAL_Driver/Src/stm32f4xx_hal_hcd.o
                0x0000000008009b4a                HAL_HCD_IRQHandler
 .text.HAL_HCD_SOF_Callback
                0x0000000008009d52       0x14 Drivers/STM32F4xx_HAL_Driver/Src/stm32f4xx_hal_hcd.o
                0x0000000008009d52                HAL_HCD_SOF_Callback
 .text.HAL_HCD_Connect_Callback
                0x0000000008009d66       0x14 Drivers/STM32F4xx_HAL_Driver/Src/stm32f4xx_hal_hcd.o
                0x0000000008009d66                HAL_HCD_Connect_Callback
 .text.HAL_HCD_Disconnect_Callback
                0x0000000008009d7a       0x14 Drivers/STM32F4xx_HAL_Driver/Src/stm32f4xx_hal_hcd.o
                0x0000000008009d7a                HAL_HCD_Disconnect_Callback
 .text.HAL_HCD_PortEnabled_Callback
                0x0000000008009d8e       0x14 Drivers/STM32F4xx_HAL_Driver/Src/stm32f4xx_hal_hcd.o
                0x0000000008009d8e                HAL_HCD_PortEnabled_Callback
 .text.HAL_HCD_PortDisabled_Callback
                0x0000000008009da2       0x14 Drivers/STM32F4xx_HAL_Driver/Src/stm32f4xx_hal_hcd.o
                0x0000000008009da2                HAL_HCD_PortDisabled_Callback
 .text.HAL_HCD_HC_NotifyURBChange_Callback
                0x0000000008009db6       0x1c Drivers/STM32F4xx_HAL_Driver/Src/stm32f4xx_hal_hcd.o
                0x0000000008009db6                HAL_HCD_HC_NotifyURBChange_Callback
 .text.HCD_HC_IN_IRQHandler
                0x0000000008009dd2      0x86a Drivers/STM32F4xx_HAL_Driver/Src/stm32f4xx_hal_hcd.o
 .text.HCD_HC_OUT_IRQHandler
                0x000000000800a63c      0x6ea Drivers/STM32F4xx_HAL_Driver/Src/stm32f4xx_hal_hcd.o
 *fill*         0x000000000800ad26        0x2 
 .text.HCD_RXQLVL_IRQHandler
                0x000000000800ad28      0x158 Drivers/STM32F4xx_HAL_Driver/Src/stm32f4xx_hal_hcd.o
 .text.HCD_Port_IRQHandler
                0x000000000800ae80       0xe6 Drivers/STM32F4xx_HAL_Driver/Src/stm32f4xx_hal_hcd.o
 *fill*         0x000000000800af66        0x2 
 .text.HAL_I2C_Init
                0x000000000800af68      0x270 Drivers/STM32F4xx_HAL_Driver/Src/stm32f4xx_hal_i2c.o
                0x000000000800af68                HAL_I2C_Init
 .text.HAL_I2CEx_ConfigAnalogFilter
                0x000000000800b1d8       0x78 Drivers/STM32F4xx_HAL_Driver/Src/stm32f4xx_hal_i2c_ex.o
                0x000000000800b1d8                HAL_I2CEx_ConfigAnalogFilter
 .text.HAL_I2CEx_ConfigDigitalFilter
                0x000000000800b250       0x7e Drivers/STM32F4xx_HAL_Driver/Src/stm32f4xx_hal_i2c_ex.o
                0x000000000800b250                HAL_I2CEx_ConfigDigitalFilter
 *fill*         0x000000000800b2ce        0x2 
 .text.HAL_LTDC_Init
                0x000000000800b2d0      0x1a0 Drivers/STM32F4xx_HAL_Driver/Src/stm32f4xx_hal_ltdc.o
                0x000000000800b2d0                HAL_LTDC_Init
 .text.HAL_LTDC_IRQHandler
                0x000000000800b470      0x148 Drivers/STM32F4xx_HAL_Driver/Src/stm32f4xx_hal_ltdc.o
                0x000000000800b470                HAL_LTDC_IRQHandler
 .text.HAL_LTDC_ErrorCallback
                0x000000000800b5b8       0x14 Drivers/STM32F4xx_HAL_Driver/Src/stm32f4xx_hal_ltdc.o
                0x000000000800b5b8                HAL_LTDC_ErrorCallback
 .text.HAL_LTDC_LineEventCallback
                0x000000000800b5cc       0x14 Drivers/STM32F4xx_HAL_Driver/Src/stm32f4xx_hal_ltdc.o
                0x000000000800b5cc                HAL_LTDC_LineEventCallback
 .text.HAL_LTDC_ReloadEventCallback
                0x000000000800b5e0       0x14 Drivers/STM32F4xx_HAL_Driver/Src/stm32f4xx_hal_ltdc.o
                0x000000000800b5e0                HAL_LTDC_ReloadEventCallback
 .text.HAL_LTDC_ConfigLayer
                0x000000000800b5f4       0x7c Drivers/STM32F4xx_HAL_Driver/Src/stm32f4xx_hal_ltdc.o
                0x000000000800b5f4                HAL_LTDC_ConfigLayer
 .text.HAL_LTDC_EnableDither
                0x000000000800b670       0x54 Drivers/STM32F4xx_HAL_Driver/Src/stm32f4xx_hal_ltdc.o
                0x000000000800b670                HAL_LTDC_EnableDither
 .text.HAL_LTDC_SetAlpha
                0x000000000800b6c4       0x6c Drivers/STM32F4xx_HAL_Driver/Src/stm32f4xx_hal_ltdc.o
                0x000000000800b6c4                HAL_LTDC_SetAlpha
 .text.LTDC_SetConfig
                0x000000000800b730      0x32e Drivers/STM32F4xx_HAL_Driver/Src/stm32f4xx_hal_ltdc.o
 *fill*         0x000000000800ba5e        0x2 
 .text.HAL_RCC_OscConfig
                0x000000000800ba60      0x4e0 Drivers/STM32F4xx_HAL_Driver/Src/stm32f4xx_hal_rcc.o
                0x000000000800ba60                HAL_RCC_OscConfig
 .text.HAL_RCC_ClockConfig
                0x000000000800bf40      0x1cc Drivers/STM32F4xx_HAL_Driver/Src/stm32f4xx_hal_rcc.o
                0x000000000800bf40                HAL_RCC_ClockConfig
 .text.HAL_RCC_GetSysClockFreq
                0x000000000800c10c      0x1b0 Drivers/STM32F4xx_HAL_Driver/Src/stm32f4xx_hal_rcc.o
                0x000000000800c10c                HAL_RCC_GetSysClockFreq
 .text.HAL_RCC_GetHCLKFreq
                0x000000000800c2bc       0x18 Drivers/STM32F4xx_HAL_Driver/Src/stm32f4xx_hal_rcc.o
                0x000000000800c2bc                HAL_RCC_GetHCLKFreq
 .text.HAL_RCC_GetPCLK1Freq
                0x000000000800c2d4       0x28 Drivers/STM32F4xx_HAL_Driver/Src/stm32f4xx_hal_rcc.o
                0x000000000800c2d4                HAL_RCC_GetPCLK1Freq
 .text.HAL_RCC_GetPCLK2Freq
                0x000000000800c2fc       0x28 Drivers/STM32F4xx_HAL_Driver/Src/stm32f4xx_hal_rcc.o
                0x000000000800c2fc                HAL_RCC_GetPCLK2Freq
 .text.HAL_RCC_GetClockConfig
                0x000000000800c324       0x64 Drivers/STM32F4xx_HAL_Driver/Src/stm32f4xx_hal_rcc.o
                0x000000000800c324                HAL_RCC_GetClockConfig
 .text.HAL_RCCEx_PeriphCLKConfig
                0x000000000800c388      0x37c Drivers/STM32F4xx_HAL_Driver/Src/stm32f4xx_hal_rcc_ex.o
                0x000000000800c388                HAL_RCCEx_PeriphCLKConfig
 .text.HAL_SDRAM_Init
                0x000000000800c704       0x68 Drivers/STM32F4xx_HAL_Driver/Src/stm32f4xx_hal_sdram.o
                0x000000000800c704                HAL_SDRAM_Init
 .text.HAL_SDRAM_SendCommand
                0x000000000800c76c       0x56 Drivers/STM32F4xx_HAL_Driver/Src/stm32f4xx_hal_sdram.o
                0x000000000800c76c                HAL_SDRAM_SendCommand
 .text.HAL_SDRAM_ProgramRefreshRate
                0x000000000800c7c2       0x40 Drivers/STM32F4xx_HAL_Driver/Src/stm32f4xx_hal_sdram.o
                0x000000000800c7c2                HAL_SDRAM_ProgramRefreshRate
 .text.HAL_SPI_Init
                0x000000000800c802       0xc8 Drivers/STM32F4xx_HAL_Driver/Src/stm32f4xx_hal_spi.o
                0x000000000800c802                HAL_SPI_Init
 .text.HAL_SPI_DeInit
                0x000000000800c8ca       0x50 Drivers/STM32F4xx_HAL_Driver/Src/stm32f4xx_hal_spi.o
                0x000000000800c8ca                HAL_SPI_DeInit
 .text.HAL_SPI_Transmit
                0x000000000800c91a      0x268 Drivers/STM32F4xx_HAL_Driver/Src/stm32f4xx_hal_spi.o
                0x000000000800c91a                HAL_SPI_Transmit
 .text.HAL_SPI_Receive
                0x000000000800cb82      0x212 Drivers/STM32F4xx_HAL_Driver/Src/stm32f4xx_hal_spi.o
                0x000000000800cb82                HAL_SPI_Receive
 .text.HAL_SPI_TransmitReceive
                0x000000000800cd94      0x344 Drivers/STM32F4xx_HAL_Driver/Src/stm32f4xx_hal_spi.o
                0x000000000800cd94                HAL_SPI_TransmitReceive
 .text.HAL_SPI_GetState
                0x000000000800d0d8       0x1c Drivers/STM32F4xx_HAL_Driver/Src/stm32f4xx_hal_spi.o
                0x000000000800d0d8                HAL_SPI_GetState
 .text.SPI_WaitFlagStateUntilTimeout
                0x000000000800d0f4       0xd4 Drivers/STM32F4xx_HAL_Driver/Src/stm32f4xx_hal_spi.o
 .text.SPI_EndRxTransaction
                0x000000000800d1c8       0xca Drivers/STM32F4xx_HAL_Driver/Src/stm32f4xx_hal_spi.o
 *fill*         0x000000000800d292        0x2 
 .text.SPI_EndRxTxTransaction
                0x000000000800d294       0x84 Drivers/STM32F4xx_HAL_Driver/Src/stm32f4xx_hal_spi.o
 .text.HAL_TIM_Base_Init
                0x000000000800d318       0x56 Drivers/STM32F4xx_HAL_Driver/Src/stm32f4xx_hal_tim.o
                0x000000000800d318                HAL_TIM_Base_Init
 .text.HAL_TIM_Base_Start_IT
                0x000000000800d36e       0x48 Drivers/STM32F4xx_HAL_Driver/Src/stm32f4xx_hal_tim.o
                0x000000000800d36e                HAL_TIM_Base_Start_IT
 .text.HAL_TIM_IRQHandler
                0x000000000800d3b6      0x210 Drivers/STM32F4xx_HAL_Driver/Src/stm32f4xx_hal_tim.o
                0x000000000800d3b6                HAL_TIM_IRQHandler
 .text.HAL_TIM_ConfigClockSource
                0x000000000800d5c6      0x16e Drivers/STM32F4xx_HAL_Driver/Src/stm32f4xx_hal_tim.o
                0x000000000800d5c6                HAL_TIM_ConfigClockSource
 .text.HAL_TIM_OC_DelayElapsedCallback
                0x000000000800d734       0x14 Drivers/STM32F4xx_HAL_Driver/Src/stm32f4xx_hal_tim.o
                0x000000000800d734                HAL_TIM_OC_DelayElapsedCallback
 .text.HAL_TIM_IC_CaptureCallback
                0x000000000800d748       0x14 Drivers/STM32F4xx_HAL_Driver/Src/stm32f4xx_hal_tim.o
                0x000000000800d748                HAL_TIM_IC_CaptureCallback
 .text.HAL_TIM_PWM_PulseFinishedCallback
                0x000000000800d75c       0x14 Drivers/STM32F4xx_HAL_Driver/Src/stm32f4xx_hal_tim.o
                0x000000000800d75c                HAL_TIM_PWM_PulseFinishedCallback
 .text.HAL_TIM_TriggerCallback
                0x000000000800d770       0x14 Drivers/STM32F4xx_HAL_Driver/Src/stm32f4xx_hal_tim.o
                0x000000000800d770                HAL_TIM_TriggerCallback
 .text.TIM_Base_SetConfig
                0x000000000800d784      0x140 Drivers/STM32F4xx_HAL_Driver/Src/stm32f4xx_hal_tim.o
                0x000000000800d784                TIM_Base_SetConfig
 .text.TIM_TI1_ConfigInputStage
                0x000000000800d8c4       0x5e Drivers/STM32F4xx_HAL_Driver/Src/stm32f4xx_hal_tim.o
 .text.TIM_TI2_ConfigInputStage
                0x000000000800d922       0x60 Drivers/STM32F4xx_HAL_Driver/Src/stm32f4xx_hal_tim.o
 .text.TIM_ITRx_SetConfig
                0x000000000800d982       0x36 Drivers/STM32F4xx_HAL_Driver/Src/stm32f4xx_hal_tim.o
 .text.TIM_ETR_SetConfig
                0x000000000800d9b8       0x40 Drivers/STM32F4xx_HAL_Driver/Src/stm32f4xx_hal_tim.o
                0x000000000800d9b8                TIM_ETR_SetConfig
 .text.HAL_TIMEx_MasterConfigSynchronization
                0x000000000800d9f8       0xf8 Drivers/STM32F4xx_HAL_Driver/Src/stm32f4xx_hal_tim_ex.o
                0x000000000800d9f8                HAL_TIMEx_MasterConfigSynchronization
 .text.HAL_TIMEx_CommutCallback
                0x000000000800daf0       0x14 Drivers/STM32F4xx_HAL_Driver/Src/stm32f4xx_hal_tim_ex.o
                0x000000000800daf0                HAL_TIMEx_CommutCallback
 .text.HAL_TIMEx_BreakCallback
                0x000000000800db04       0x14 Drivers/STM32F4xx_HAL_Driver/Src/stm32f4xx_hal_tim_ex.o
                0x000000000800db04                HAL_TIMEx_BreakCallback
 .text.HAL_UART_Init
                0x000000000800db18       0x9a Drivers/STM32F4xx_HAL_Driver/Src/stm32f4xx_hal_uart.o
                0x000000000800db18                HAL_UART_Init
 *fill*         0x000000000800dbb2        0x2 
 .text.UART_SetConfig
                0x000000000800dbb4      0x6f8 Drivers/STM32F4xx_HAL_Driver/Src/stm32f4xx_hal_uart.o
 .text.FMC_SDRAM_Init
                0x000000000800e2ac       0xe6 Drivers/STM32F4xx_HAL_Driver/Src/stm32f4xx_ll_fmc.o
                0x000000000800e2ac                FMC_SDRAM_Init
 .text.FMC_SDRAM_Timing_Init
                0x000000000800e392       0xfe Drivers/STM32F4xx_HAL_Driver/Src/stm32f4xx_ll_fmc.o
                0x000000000800e392                FMC_SDRAM_Timing_Init
 .text.FMC_SDRAM_SendCommand
                0x000000000800e490       0x78 Drivers/STM32F4xx_HAL_Driver/Src/stm32f4xx_ll_fmc.o
                0x000000000800e490                FMC_SDRAM_SendCommand
 .text.FMC_SDRAM_ProgramRefreshRate
                0x000000000800e508       0x26 Drivers/STM32F4xx_HAL_Driver/Src/stm32f4xx_ll_fmc.o
                0x000000000800e508                FMC_SDRAM_ProgramRefreshRate
 .text.USB_CoreInit
                0x000000000800e52e       0xc2 Drivers/STM32F4xx_HAL_Driver/Src/stm32f4xx_ll_usb.o
                0x000000000800e52e                USB_CoreInit
 .text.USB_DisableGlobalInt
                0x000000000800e5f0       0x22 Drivers/STM32F4xx_HAL_Driver/Src/stm32f4xx_ll_usb.o
                0x000000000800e5f0                USB_DisableGlobalInt
 .text.USB_SetCurrentMode
                0x000000000800e612       0x54 Drivers/STM32F4xx_HAL_Driver/Src/stm32f4xx_ll_usb.o
                0x000000000800e612                USB_SetCurrentMode
 *fill*         0x000000000800e666        0x2 
 .text.USB_FlushTxFifo
                0x000000000800e668       0x4c Drivers/STM32F4xx_HAL_Driver/Src/stm32f4xx_ll_usb.o
                0x000000000800e668                USB_FlushTxFifo
 .text.USB_FlushRxFifo
                0x000000000800e6b4       0x44 Drivers/STM32F4xx_HAL_Driver/Src/stm32f4xx_ll_usb.o
                0x000000000800e6b4                USB_FlushRxFifo
 .text.USB_ReadPacket
                0x000000000800e6f8       0x52 Drivers/STM32F4xx_HAL_Driver/Src/stm32f4xx_ll_usb.o
                0x000000000800e6f8                USB_ReadPacket
 .text.USB_ReadInterrupts
                0x000000000800e74a       0x26 Drivers/STM32F4xx_HAL_Driver/Src/stm32f4xx_ll_usb.o
                0x000000000800e74a                USB_ReadInterrupts
 .text.USB_GetMode
                0x000000000800e770       0x1c Drivers/STM32F4xx_HAL_Driver/Src/stm32f4xx_ll_usb.o
                0x000000000800e770                USB_GetMode
 .text.USB_CoreReset
                0x000000000800e78c       0x68 Drivers/STM32F4xx_HAL_Driver/Src/stm32f4xx_ll_usb.o
 .text.USB_HostInit
                0x000000000800e7f4      0x178 Drivers/STM32F4xx_HAL_Driver/Src/stm32f4xx_ll_usb.o
                0x000000000800e7f4                USB_HostInit
 .text.USB_InitFSLSPClkSel
                0x000000000800e96c       0x74 Drivers/STM32F4xx_HAL_Driver/Src/stm32f4xx_ll_usb.o
                0x000000000800e96c                USB_InitFSLSPClkSel
 .text.USB_DriveVbus
                0x000000000800e9e0       0x72 Drivers/STM32F4xx_HAL_Driver/Src/stm32f4xx_ll_usb.o
                0x000000000800e9e0                USB_DriveVbus
 .text.USB_HC_ReadInterrupt
                0x000000000800ea52       0x22 Drivers/STM32F4xx_HAL_Driver/Src/stm32f4xx_ll_usb.o
                0x000000000800ea52                USB_HC_ReadInterrupt
 .text.USB_HC_Halt
                0x000000000800ea74      0x1fe Drivers/STM32F4xx_HAL_Driver/Src/stm32f4xx_ll_usb.o
                0x000000000800ea74                USB_HC_Halt
 *fill*         0x000000000800ec72        0x2 
 .text.aiInit   0x000000000800ec74       0xb8 X-CUBE-AI/App/app_x-cube-ai.o
                0x000000000800ec74                aiInit
 .text.aiRun    0x000000000800ed2c       0x80 X-CUBE-AI/App/app_x-cube-ai.o
                0x000000000800ed2c                aiRun
 .text.MX_X_CUBE_AI_Init
                0x000000000800edac       0x14 X-CUBE-AI/App/app_x-cube-ai.o
                0x000000000800edac                MX_X_CUBE_AI_Init
 .text.MX_X_CUBE_AI_Process
                0x000000000800edc0      0x1cc X-CUBE-AI/App/app_x-cube-ai.o
                0x000000000800edc0                MX_X_CUBE_AI_Process
 .text.mapf     0x000000000800ef8c       0x8c X-CUBE-AI/App/app_x-cube-ai.o
                0x000000000800ef8c                mapf
 .text.network_configure_activations
                0x000000000800f018       0x8c X-CUBE-AI/App/network.o
 .text.network_configure_weights
                0x000000000800f0a4       0xe8 X-CUBE-AI/App/network.o
 .text.ai_network_get_error
                0x000000000800f18c       0x18 X-CUBE-AI/App/network.o
                0x000000000800f18c                ai_network_get_error
 .text.ai_network_create
                0x000000000800f1a4       0x2c X-CUBE-AI/App/network.o
                0x000000000800f1a4                ai_network_create
 .text.ai_network_destroy
                0x000000000800f1d0       0x18 X-CUBE-AI/App/network.o
                0x000000000800f1d0                ai_network_destroy
 .text.ai_network_init
                0x000000000800f1e8       0x66 X-CUBE-AI/App/network.o
                0x000000000800f1e8                ai_network_init
 .text.ai_network_run
                0x000000000800f24e       0x20 X-CUBE-AI/App/network.o
                0x000000000800f24e                ai_network_run
 *fill*         0x000000000800f26e        0x2 
 .text.ai_network_data_weights_get
                0x000000000800f270       0x14 X-CUBE-AI/App/network_data.o
                0x000000000800f270                ai_network_data_weights_get
 .text.__aeabi_memclr
                0x000000000800f284        0x6 c:/st/stm32cubeide_1.0.1/stm32cubeide/plugins/com.st.stm32cube.ide.mcu.externaltools.gnu-tools-for-stm32.7-2018-q2-update.win32_1.0.0.201904181610/tools/bin/../lib/gcc/arm-none-eabi/7.3.1/../../../../arm-none-eabi/lib/thumb/v7e-m/fpv4-sp/hard\libc_nano.a(lib_a-aeabi_memclr.o)
                0x000000000800f284                __aeabi_memclr
                0x000000000800f284                __aeabi_memclr4
                0x000000000800f284                __aeabi_memclr8
 .text.__aeabi_memcpy
                0x000000000800f28a        0x4 c:/st/stm32cubeide_1.0.1/stm32cubeide/plugins/com.st.stm32cube.ide.mcu.externaltools.gnu-tools-for-stm32.7-2018-q2-update.win32_1.0.0.201904181610/tools/bin/../lib/gcc/arm-none-eabi/7.3.1/../../../../arm-none-eabi/lib/thumb/v7e-m/fpv4-sp/hard\libc_nano.a(lib_a-aeabi_memcpy.o)
                0x000000000800f28a                __aeabi_memcpy4
                0x000000000800f28a                __aeabi_memcpy8
                0x000000000800f28a                __aeabi_memcpy
 *fill*         0x000000000800f28e        0x2 
 .text.__errno  0x000000000800f290        0xc c:/st/stm32cubeide_1.0.1/stm32cubeide/plugins/com.st.stm32cube.ide.mcu.externaltools.gnu-tools-for-stm32.7-2018-q2-update.win32_1.0.0.201904181610/tools/bin/../lib/gcc/arm-none-eabi/7.3.1/../../../../arm-none-eabi/lib/thumb/v7e-m/fpv4-sp/hard\libc_nano.a(lib_a-errno.o)
                0x000000000800f290                __errno
 .text.__libc_init_array
                0x000000000800f29c       0x48 c:/st/stm32cubeide_1.0.1/stm32cubeide/plugins/com.st.stm32cube.ide.mcu.externaltools.gnu-tools-for-stm32.7-2018-q2-update.win32_1.0.0.201904181610/tools/bin/../lib/gcc/arm-none-eabi/7.3.1/../../../../arm-none-eabi/lib/thumb/v7e-m/fpv4-sp/hard\libc_nano.a(lib_a-init.o)
                0x000000000800f29c                __libc_init_array
 .text.memcmp   0x000000000800f2e4       0x1e c:/st/stm32cubeide_1.0.1/stm32cubeide/plugins/com.st.stm32cube.ide.mcu.externaltools.gnu-tools-for-stm32.7-2018-q2-update.win32_1.0.0.201904181610/tools/bin/../lib/gcc/arm-none-eabi/7.3.1/../../../../arm-none-eabi/lib/thumb/v7e-m/fpv4-sp/hard\libc_nano.a(lib_a-memcmp.o)
                0x000000000800f2e4                memcmp
 .text.memcpy   0x000000000800f302       0x16 c:/st/stm32cubeide_1.0.1/stm32cubeide/plugins/com.st.stm32cube.ide.mcu.externaltools.gnu-tools-for-stm32.7-2018-q2-update.win32_1.0.0.201904181610/tools/bin/../lib/gcc/arm-none-eabi/7.3.1/../../../../arm-none-eabi/lib/thumb/v7e-m/fpv4-sp/hard\libc_nano.a(lib_a-memcpy-stub.o)
                0x000000000800f302                memcpy
 .text.memset   0x000000000800f318       0x10 c:/st/stm32cubeide_1.0.1/stm32cubeide/plugins/com.st.stm32cube.ide.mcu.externaltools.gnu-tools-for-stm32.7-2018-q2-update.win32_1.0.0.201904181610/tools/bin/../lib/gcc/arm-none-eabi/7.3.1/../../../../arm-none-eabi/lib/thumb/v7e-m/fpv4-sp/hard\libc_nano.a(lib_a-memset.o)
                0x000000000800f318                memset
 .text.asinhf   0x000000000800f328       0xd0 c:/st/stm32cubeide_1.0.1/stm32cubeide/plugins/com.st.stm32cube.ide.mcu.externaltools.gnu-tools-for-stm32.7-2018-q2-update.win32_1.0.0.201904181610/tools/bin/../lib/gcc/arm-none-eabi/7.3.1/../../../../arm-none-eabi/lib/thumb/v7e-m/fpv4-sp/hard\libm.a(lib_a-sf_asinh.o)
                0x000000000800f328                asinhf
 .text.atanf    0x000000000800f3f8      0x1a8 c:/st/stm32cubeide_1.0.1/stm32cubeide/plugins/com.st.stm32cube.ide.mcu.externaltools.gnu-tools-for-stm32.7-2018-q2-update.win32_1.0.0.201904181610/tools/bin/../lib/gcc/arm-none-eabi/7.3.1/../../../../arm-none-eabi/lib/thumb/v7e-m/fpv4-sp/hard\libm.a(lib_a-sf_atan.o)
                0x000000000800f3f8                atanf
 .text.ceilf    0x000000000800f5a0       0x80 c:/st/stm32cubeide_1.0.1/stm32cubeide/plugins/com.st.stm32cube.ide.mcu.externaltools.gnu-tools-for-stm32.7-2018-q2-update.win32_1.0.0.201904181610/tools/bin/../lib/gcc/arm-none-eabi/7.3.1/../../../../arm-none-eabi/lib/thumb/v7e-m/fpv4-sp/hard\libm.a(lib_a-sf_ceil.o)
                0x000000000800f5a0                ceilf
 .text.cosf     0x000000000800f620       0x80 c:/st/stm32cubeide_1.0.1/stm32cubeide/plugins/com.st.stm32cube.ide.mcu.externaltools.gnu-tools-for-stm32.7-2018-q2-update.win32_1.0.0.201904181610/tools/bin/../lib/gcc/arm-none-eabi/7.3.1/../../../../arm-none-eabi/lib/thumb/v7e-m/fpv4-sp/hard\libm.a(lib_a-sf_cos.o)
                0x000000000800f620                cosf
 .text.erff     0x000000000800f6a0      0x3c0 c:/st/stm32cubeide_1.0.1/stm32cubeide/plugins/com.st.stm32cube.ide.mcu.externaltools.gnu-tools-for-stm32.7-2018-q2-update.win32_1.0.0.201904181610/tools/bin/../lib/gcc/arm-none-eabi/7.3.1/../../../../arm-none-eabi/lib/thumb/v7e-m/fpv4-sp/hard\libm.a(lib_a-sf_erf.o)
                0x000000000800f6a0                erff
 .text.fabsf    0x000000000800fa60        0xe c:/st/stm32cubeide_1.0.1/stm32cubeide/plugins/com.st.stm32cube.ide.mcu.externaltools.gnu-tools-for-stm32.7-2018-q2-update.win32_1.0.0.201904181610/tools/bin/../lib/gcc/arm-none-eabi/7.3.1/../../../../arm-none-eabi/lib/thumb/v7e-m/fpv4-sp/hard\libm.a(lib_a-sf_fabs.o)
                0x000000000800fa60                fabsf
 *fill*         0x000000000800fa6e        0x2 
 .text.floorf   0x000000000800fa70       0x84 c:/st/stm32cubeide_1.0.1/stm32cubeide/plugins/com.st.stm32cube.ide.mcu.externaltools.gnu-tools-for-stm32.7-2018-q2-update.win32_1.0.0.201904181610/tools/bin/../lib/gcc/arm-none-eabi/7.3.1/../../../../arm-none-eabi/lib/thumb/v7e-m/fpv4-sp/hard\libm.a(lib_a-sf_floor.o)
                0x000000000800fa70                floorf
 .text.log1pf   0x000000000800faf4      0x210 c:/st/stm32cubeide_1.0.1/stm32cubeide/plugins/com.st.stm32cube.ide.mcu.externaltools.gnu-tools-for-stm32.7-2018-q2-update.win32_1.0.0.201904181610/tools/bin/../lib/gcc/arm-none-eabi/7.3.1/../../../../arm-none-eabi/lib/thumb/v7e-m/fpv4-sp/hard\libm.a(lib_a-sf_log1p.o)
                0x000000000800faf4                log1pf
 .text.roundf   0x000000000800fd04       0x4c c:/st/stm32cubeide_1.0.1/stm32cubeide/plugins/com.st.stm32cube.ide.mcu.externaltools.gnu-tools-for-stm32.7-2018-q2-update.win32_1.0.0.201904181610/tools/bin/../lib/gcc/arm-none-eabi/7.3.1/../../../../arm-none-eabi/lib/thumb/v7e-m/fpv4-sp/hard\libm.a(lib_a-sf_round.o)
                0x000000000800fd04                roundf
 .text.sinf     0x000000000800fd50       0x84 c:/st/stm32cubeide_1.0.1/stm32cubeide/plugins/com.st.stm32cube.ide.mcu.externaltools.gnu-tools-for-stm32.7-2018-q2-update.win32_1.0.0.201904181610/tools/bin/../lib/gcc/arm-none-eabi/7.3.1/../../../../arm-none-eabi/lib/thumb/v7e-m/fpv4-sp/hard\libm.a(lib_a-sf_sin.o)
                0x000000000800fd50                sinf
 .text.tanf     0x000000000800fdd4       0x50 c:/st/stm32cubeide_1.0.1/stm32cubeide/plugins/com.st.stm32cube.ide.mcu.externaltools.gnu-tools-for-stm32.7-2018-q2-update.win32_1.0.0.201904181610/tools/bin/../lib/gcc/arm-none-eabi/7.3.1/../../../../arm-none-eabi/lib/thumb/v7e-m/fpv4-sp/hard\libm.a(lib_a-sf_tan.o)
                0x000000000800fdd4                tanf
 .text.tanhf    0x000000000800fe24       0xa4 c:/st/stm32cubeide_1.0.1/stm32cubeide/plugins/com.st.stm32cube.ide.mcu.externaltools.gnu-tools-for-stm32.7-2018-q2-update.win32_1.0.0.201904181610/tools/bin/../lib/gcc/arm-none-eabi/7.3.1/../../../../arm-none-eabi/lib/thumb/v7e-m/fpv4-sp/hard\libm.a(lib_a-sf_tanh.o)
                0x000000000800fe24                tanhf
 .text.acosf    0x000000000800fec8       0xb0 c:/st/stm32cubeide_1.0.1/stm32cubeide/plugins/com.st.stm32cube.ide.mcu.externaltools.gnu-tools-for-stm32.7-2018-q2-update.win32_1.0.0.201904181610/tools/bin/../lib/gcc/arm-none-eabi/7.3.1/../../../../arm-none-eabi/lib/thumb/v7e-m/fpv4-sp/hard\libm.a(lib_a-wf_acos.o)
                0x000000000800fec8                acosf
 .text.acoshf   0x000000000800ff78       0xa0 c:/st/stm32cubeide_1.0.1/stm32cubeide/plugins/com.st.stm32cube.ide.mcu.externaltools.gnu-tools-for-stm32.7-2018-q2-update.win32_1.0.0.201904181610/tools/bin/../lib/gcc/arm-none-eabi/7.3.1/../../../../arm-none-eabi/lib/thumb/v7e-m/fpv4-sp/hard\libm.a(lib_a-wf_acosh.o)
                0x000000000800ff78                acoshf
 .text.asinf    0x0000000008010018       0xb0 c:/st/stm32cubeide_1.0.1/stm32cubeide/plugins/com.st.stm32cube.ide.mcu.externaltools.gnu-tools-for-stm32.7-2018-q2-update.win32_1.0.0.201904181610/tools/bin/../lib/gcc/arm-none-eabi/7.3.1/../../../../arm-none-eabi/lib/thumb/v7e-m/fpv4-sp/hard\libm.a(lib_a-wf_asin.o)
                0x0000000008010018                asinf
 .text.atanhf   0x00000000080100c8       0xe8 c:/st/stm32cubeide_1.0.1/stm32cubeide/plugins/com.st.stm32cube.ide.mcu.externaltools.gnu-tools-for-stm32.7-2018-q2-update.win32_1.0.0.201904181610/tools/bin/../lib/gcc/arm-none-eabi/7.3.1/../../../../arm-none-eabi/lib/thumb/v7e-m/fpv4-sp/hard\libm.a(lib_a-wf_atanh.o)
                0x00000000080100c8                atanhf
 .text.coshf    0x00000000080101b0       0xc0 c:/st/stm32cubeide_1.0.1/stm32cubeide/plugins/com.st.stm32cube.ide.mcu.externaltools.gnu-tools-for-stm32.7-2018-q2-update.win32_1.0.0.201904181610/tools/bin/../lib/gcc/arm-none-eabi/7.3.1/../../../../arm-none-eabi/lib/thumb/v7e-m/fpv4-sp/hard\libm.a(lib_a-wf_cosh.o)
                0x00000000080101b0                coshf
 .text.expf     0x0000000008010270       0xf4 c:/st/stm32cubeide_1.0.1/stm32cubeide/plugins/com.st.stm32cube.ide.mcu.externaltools.gnu-tools-for-stm32.7-2018-q2-update.win32_1.0.0.201904181610/tools/bin/../lib/gcc/arm-none-eabi/7.3.1/../../../../arm-none-eabi/lib/thumb/v7e-m/fpv4-sp/hard\libm.a(lib_a-wf_exp.o)
                0x0000000008010270                expf
 .text.fmodf    0x0000000008010364       0xb8 c:/st/stm32cubeide_1.0.1/stm32cubeide/plugins/com.st.stm32cube.ide.mcu.externaltools.gnu-tools-for-stm32.7-2018-q2-update.win32_1.0.0.201904181610/tools/bin/../lib/gcc/arm-none-eabi/7.3.1/../../../../arm-none-eabi/lib/thumb/v7e-m/fpv4-sp/hard\libm.a(lib_a-wf_fmod.o)
                0x0000000008010364                fmodf
 .text.logf     0x000000000801041c       0xec c:/st/stm32cubeide_1.0.1/stm32cubeide/plugins/com.st.stm32cube.ide.mcu.externaltools.gnu-tools-for-stm32.7-2018-q2-update.win32_1.0.0.201904181610/tools/bin/../lib/gcc/arm-none-eabi/7.3.1/../../../../arm-none-eabi/lib/thumb/v7e-m/fpv4-sp/hard\libm.a(lib_a-wf_log.o)
                0x000000000801041c                logf
 .text.powf     0x0000000008010508      0x2c8 c:/st/stm32cubeide_1.0.1/stm32cubeide/plugins/com.st.stm32cube.ide.mcu.externaltools.gnu-tools-for-stm32.7-2018-q2-update.win32_1.0.0.201904181610/tools/bin/../lib/gcc/arm-none-eabi/7.3.1/../../../../arm-none-eabi/lib/thumb/v7e-m/fpv4-sp/hard\libm.a(lib_a-wf_pow.o)
                0x0000000008010508                powf
 .text.sinhf    0x00000000080107d0       0xcc c:/st/stm32cubeide_1.0.1/stm32cubeide/plugins/com.st.stm32cube.ide.mcu.externaltools.gnu-tools-for-stm32.7-2018-q2-update.win32_1.0.0.201904181610/tools/bin/../lib/gcc/arm-none-eabi/7.3.1/../../../../arm-none-eabi/lib/thumb/v7e-m/fpv4-sp/hard\libm.a(lib_a-wf_sinh.o)
                0x00000000080107d0                sinhf
 .text.__ieee754_acosf
                0x000000000801089c      0x1f8 c:/st/stm32cubeide_1.0.1/stm32cubeide/plugins/com.st.stm32cube.ide.mcu.externaltools.gnu-tools-for-stm32.7-2018-q2-update.win32_1.0.0.201904181610/tools/bin/../lib/gcc/arm-none-eabi/7.3.1/../../../../arm-none-eabi/lib/thumb/v7e-m/fpv4-sp/hard\libm.a(lib_a-ef_acos.o)
                0x000000000801089c                __ieee754_acosf
 .text.__ieee754_acoshf
                0x0000000008010a94       0xa8 c:/st/stm32cubeide_1.0.1/stm32cubeide/plugins/com.st.stm32cube.ide.mcu.externaltools.gnu-tools-for-stm32.7-2018-q2-update.win32_1.0.0.201904181610/tools/bin/../lib/gcc/arm-none-eabi/7.3.1/../../../../arm-none-eabi/lib/thumb/v7e-m/fpv4-sp/hard\libm.a(lib_a-ef_acosh.o)
                0x0000000008010a94                __ieee754_acoshf
 .text.__ieee754_asinf
                0x0000000008010b3c      0x1d0 c:/st/stm32cubeide_1.0.1/stm32cubeide/plugins/com.st.stm32cube.ide.mcu.externaltools.gnu-tools-for-stm32.7-2018-q2-update.win32_1.0.0.201904181610/tools/bin/../lib/gcc/arm-none-eabi/7.3.1/../../../../arm-none-eabi/lib/thumb/v7e-m/fpv4-sp/hard\libm.a(lib_a-ef_asin.o)
                0x0000000008010b3c                __ieee754_asinf
 .text.__ieee754_atanhf
                0x0000000008010d0c       0x8c c:/st/stm32cubeide_1.0.1/stm32cubeide/plugins/com.st.stm32cube.ide.mcu.externaltools.gnu-tools-for-stm32.7-2018-q2-update.win32_1.0.0.201904181610/tools/bin/../lib/gcc/arm-none-eabi/7.3.1/../../../../arm-none-eabi/lib/thumb/v7e-m/fpv4-sp/hard\libm.a(lib_a-ef_atanh.o)
                0x0000000008010d0c                __ieee754_atanhf
 .text.__ieee754_coshf
                0x0000000008010d98       0xc8 c:/st/stm32cubeide_1.0.1/stm32cubeide/plugins/com.st.stm32cube.ide.mcu.externaltools.gnu-tools-for-stm32.7-2018-q2-update.win32_1.0.0.201904181610/tools/bin/../lib/gcc/arm-none-eabi/7.3.1/../../../../arm-none-eabi/lib/thumb/v7e-m/fpv4-sp/hard\libm.a(lib_a-ef_cosh.o)
                0x0000000008010d98                __ieee754_coshf
 .text.__ieee754_expf
                0x0000000008010e60      0x1a8 c:/st/stm32cubeide_1.0.1/stm32cubeide/plugins/com.st.stm32cube.ide.mcu.externaltools.gnu-tools-for-stm32.7-2018-q2-update.win32_1.0.0.201904181610/tools/bin/../lib/gcc/arm-none-eabi/7.3.1/../../../../arm-none-eabi/lib/thumb/v7e-m/fpv4-sp/hard\libm.a(lib_a-ef_exp.o)
                0x0000000008010e60                __ieee754_expf
 .text.__ieee754_fmodf
                0x0000000008011008      0x110 c:/st/stm32cubeide_1.0.1/stm32cubeide/plugins/com.st.stm32cube.ide.mcu.externaltools.gnu-tools-for-stm32.7-2018-q2-update.win32_1.0.0.201904181610/tools/bin/../lib/gcc/arm-none-eabi/7.3.1/../../../../arm-none-eabi/lib/thumb/v7e-m/fpv4-sp/hard\libm.a(lib_a-ef_fmod.o)
                0x0000000008011008                __ieee754_fmodf
 .text.__ieee754_logf
                0x0000000008011118      0x1dc c:/st/stm32cubeide_1.0.1/stm32cubeide/plugins/com.st.stm32cube.ide.mcu.externaltools.gnu-tools-for-stm32.7-2018-q2-update.win32_1.0.0.201904181610/tools/bin/../lib/gcc/arm-none-eabi/7.3.1/../../../../arm-none-eabi/lib/thumb/v7e-m/fpv4-sp/hard\libm.a(lib_a-ef_log.o)
                0x0000000008011118                __ieee754_logf
 .text.__ieee754_powf
                0x00000000080112f4      0x580 c:/st/stm32cubeide_1.0.1/stm32cubeide/plugins/com.st.stm32cube.ide.mcu.externaltools.gnu-tools-for-stm32.7-2018-q2-update.win32_1.0.0.201904181610/tools/bin/../lib/gcc/arm-none-eabi/7.3.1/../../../../arm-none-eabi/lib/thumb/v7e-m/fpv4-sp/hard\libm.a(lib_a-ef_pow.o)
                0x00000000080112f4                __ieee754_powf
 .text.__ieee754_rem_pio2f
                0x0000000008011874      0x258 c:/st/stm32cubeide_1.0.1/stm32cubeide/plugins/com.st.stm32cube.ide.mcu.externaltools.gnu-tools-for-stm32.7-2018-q2-update.win32_1.0.0.201904181610/tools/bin/../lib/gcc/arm-none-eabi/7.3.1/../../../../arm-none-eabi/lib/thumb/v7e-m/fpv4-sp/hard\libm.a(lib_a-ef_rem_pio2.o)
                0x0000000008011874                __ieee754_rem_pio2f
 .text.__ieee754_sinhf
                0x0000000008011acc       0xdc c:/st/stm32cubeide_1.0.1/stm32cubeide/plugins/com.st.stm32cube.ide.mcu.externaltools.gnu-tools-for-stm32.7-2018-q2-update.win32_1.0.0.201904181610/tools/bin/../lib/gcc/arm-none-eabi/7.3.1/../../../../arm-none-eabi/lib/thumb/v7e-m/fpv4-sp/hard\libm.a(lib_a-ef_sinh.o)
                0x0000000008011acc                __ieee754_sinhf
 .text.__ieee754_sqrtf
                0x0000000008011ba8        0x6 c:/st/stm32cubeide_1.0.1/stm32cubeide/plugins/com.st.stm32cube.ide.mcu.externaltools.gnu-tools-for-stm32.7-2018-q2-update.win32_1.0.0.201904181610/tools/bin/../lib/gcc/arm-none-eabi/7.3.1/../../../../arm-none-eabi/lib/thumb/v7e-m/fpv4-sp/hard\libm.a(lib_a-ef_sqrt.o)
                0x0000000008011ba8                __ieee754_sqrtf
 *fill*         0x0000000008011bae        0x2 
 .text.__kernel_cosf
                0x0000000008011bb0       0xbc c:/st/stm32cubeide_1.0.1/stm32cubeide/plugins/com.st.stm32cube.ide.mcu.externaltools.gnu-tools-for-stm32.7-2018-q2-update.win32_1.0.0.201904181610/tools/bin/../lib/gcc/arm-none-eabi/7.3.1/../../../../arm-none-eabi/lib/thumb/v7e-m/fpv4-sp/hard\libm.a(lib_a-kf_cos.o)
                0x0000000008011bb0                __kernel_cosf
 .text.__kernel_rem_pio2f
                0x0000000008011c6c      0x504 c:/st/stm32cubeide_1.0.1/stm32cubeide/plugins/com.st.stm32cube.ide.mcu.externaltools.gnu-tools-for-stm32.7-2018-q2-update.win32_1.0.0.201904181610/tools/bin/../lib/gcc/arm-none-eabi/7.3.1/../../../../arm-none-eabi/lib/thumb/v7e-m/fpv4-sp/hard\libm.a(lib_a-kf_rem_pio2.o)
                0x0000000008011c6c                __kernel_rem_pio2f
 .text.__kernel_sinf
                0x0000000008012170       0x90 c:/st/stm32cubeide_1.0.1/stm32cubeide/plugins/com.st.stm32cube.ide.mcu.externaltools.gnu-tools-for-stm32.7-2018-q2-update.win32_1.0.0.201904181610/tools/bin/../lib/gcc/arm-none-eabi/7.3.1/../../../../arm-none-eabi/lib/thumb/v7e-m/fpv4-sp/hard\libm.a(lib_a-kf_sin.o)
                0x0000000008012170                __kernel_sinf
 .text.__kernel_tanf
                0x0000000008012200      0x1c8 c:/st/stm32cubeide_1.0.1/stm32cubeide/plugins/com.st.stm32cube.ide.mcu.externaltools.gnu-tools-for-stm32.7-2018-q2-update.win32_1.0.0.201904181610/tools/bin/../lib/gcc/arm-none-eabi/7.3.1/../../../../arm-none-eabi/lib/thumb/v7e-m/fpv4-sp/hard\libm.a(lib_a-kf_tan.o)
                0x0000000008012200                __kernel_tanf
 .text.matherr  0x00000000080123c8        0x4 c:/st/stm32cubeide_1.0.1/stm32cubeide/plugins/com.st.stm32cube.ide.mcu.externaltools.gnu-tools-for-stm32.7-2018-q2-update.win32_1.0.0.201904181610/tools/bin/../lib/gcc/arm-none-eabi/7.3.1/../../../../arm-none-eabi/lib/thumb/v7e-m/fpv4-sp/hard\libm.a(lib_a-s_matherr.o)
                0x00000000080123c8                matherr
 *fill*         0x00000000080123cc        0x4 
 .text.nan      0x00000000080123d0       0x10 c:/st/stm32cubeide_1.0.1/stm32cubeide/plugins/com.st.stm32cube.ide.mcu.externaltools.gnu-tools-for-stm32.7-2018-q2-update.win32_1.0.0.201904181610/tools/bin/../lib/gcc/arm-none-eabi/7.3.1/../../../../arm-none-eabi/lib/thumb/v7e-m/fpv4-sp/hard\libm.a(lib_a-s_nan.o)
                0x00000000080123d0                nan
 .text.expm1f   0x00000000080123e0      0x258 c:/st/stm32cubeide_1.0.1/stm32cubeide/plugins/com.st.stm32cube.ide.mcu.externaltools.gnu-tools-for-stm32.7-2018-q2-update.win32_1.0.0.201904181610/tools/bin/../lib/gcc/arm-none-eabi/7.3.1/../../../../arm-none-eabi/lib/thumb/v7e-m/fpv4-sp/hard\libm.a(lib_a-sf_expm1.o)
                0x00000000080123e0                expm1f
 .text.finitef  0x0000000008012638       0x14 c:/st/stm32cubeide_1.0.1/stm32cubeide/plugins/com.st.stm32cube.ide.mcu.externaltools.gnu-tools-for-stm32.7-2018-q2-update.win32_1.0.0.201904181610/tools/bin/../lib/gcc/arm-none-eabi/7.3.1/../../../../arm-none-eabi/lib/thumb/v7e-m/fpv4-sp/hard\libm.a(lib_a-sf_finite.o)
                0x0000000008012638                finitef
 .text.nanf     0x000000000801264c        0xc c:/st/stm32cubeide_1.0.1/stm32cubeide/plugins/com.st.stm32cube.ide.mcu.externaltools.gnu-tools-for-stm32.7-2018-q2-update.win32_1.0.0.201904181610/tools/bin/../lib/gcc/arm-none-eabi/7.3.1/../../../../arm-none-eabi/lib/thumb/v7e-m/fpv4-sp/hard\libm.a(lib_a-sf_nan.o)
                0x000000000801264c                nanf
 .text.rintf    0x0000000008012658       0xb4 c:/st/stm32cubeide_1.0.1/stm32cubeide/plugins/com.st.stm32cube.ide.mcu.externaltools.gnu-tools-for-stm32.7-2018-q2-update.win32_1.0.0.201904181610/tools/bin/../lib/gcc/arm-none-eabi/7.3.1/../../../../arm-none-eabi/lib/thumb/v7e-m/fpv4-sp/hard\libm.a(lib_a-sf_rint.o)
                0x0000000008012658                rintf
 .text.scalbnf  0x000000000801270c       0xc0 c:/st/stm32cubeide_1.0.1/stm32cubeide/plugins/com.st.stm32cube.ide.mcu.externaltools.gnu-tools-for-stm32.7-2018-q2-update.win32_1.0.0.201904181610/tools/bin/../lib/gcc/arm-none-eabi/7.3.1/../../../../arm-none-eabi/lib/thumb/v7e-m/fpv4-sp/hard\libm.a(lib_a-sf_scalbn.o)
                0x000000000801270c                scalbnf
 .text.copysignf
                0x00000000080127cc       0x18 c:/st/stm32cubeide_1.0.1/stm32cubeide/plugins/com.st.stm32cube.ide.mcu.externaltools.gnu-tools-for-stm32.7-2018-q2-update.win32_1.0.0.201904181610/tools/bin/../lib/gcc/arm-none-eabi/7.3.1/../../../../arm-none-eabi/lib/thumb/v7e-m/fpv4-sp/hard\libm.a(lib_a-sf_copysign.o)
                0x00000000080127cc                copysignf
 *(.glue_7)
 .glue_7        0x00000000080127e4        0x0 linker stubs
 *(.glue_7t)
 .glue_7t       0x00000000080127e4        0x0 linker stubs
 *(.eh_frame)
 .eh_frame      0x00000000080127e4        0x0 c:/st/stm32cubeide_1.0.1/stm32cubeide/plugins/com.st.stm32cube.ide.mcu.externaltools.gnu-tools-for-stm32.7-2018-q2-update.win32_1.0.0.201904181610/tools/bin/../lib/gcc/arm-none-eabi/7.3.1/thumb/v7e-m/fpv4-sp/hard/crtbegin.o
 *(.init)
 .init          0x00000000080127e4        0x4 c:/st/stm32cubeide_1.0.1/stm32cubeide/plugins/com.st.stm32cube.ide.mcu.externaltools.gnu-tools-for-stm32.7-2018-q2-update.win32_1.0.0.201904181610/tools/bin/../lib/gcc/arm-none-eabi/7.3.1/thumb/v7e-m/fpv4-sp/hard/crti.o
                0x00000000080127e4                _init
 .init          0x00000000080127e8        0x8 c:/st/stm32cubeide_1.0.1/stm32cubeide/plugins/com.st.stm32cube.ide.mcu.externaltools.gnu-tools-for-stm32.7-2018-q2-update.win32_1.0.0.201904181610/tools/bin/../lib/gcc/arm-none-eabi/7.3.1/thumb/v7e-m/fpv4-sp/hard/crtn.o
 *(.fini)
 .fini          0x00000000080127f0        0x4 c:/st/stm32cubeide_1.0.1/stm32cubeide/plugins/com.st.stm32cube.ide.mcu.externaltools.gnu-tools-for-stm32.7-2018-q2-update.win32_1.0.0.201904181610/tools/bin/../lib/gcc/arm-none-eabi/7.3.1/thumb/v7e-m/fpv4-sp/hard/crti.o
                0x00000000080127f0                _fini
 .fini          0x00000000080127f4        0x8 c:/st/stm32cubeide_1.0.1/stm32cubeide/plugins/com.st.stm32cube.ide.mcu.externaltools.gnu-tools-for-stm32.7-2018-q2-update.win32_1.0.0.201904181610/tools/bin/../lib/gcc/arm-none-eabi/7.3.1/thumb/v7e-m/fpv4-sp/hard/crtn.o
                0x00000000080127fc                . = ALIGN (0x4)
                0x00000000080127fc                _etext = .

.vfp11_veneer   0x00000000080127fc        0x0
 .vfp11_veneer  0x00000000080127fc        0x0 linker stubs

.v4_bx          0x00000000080127fc        0x0
 .v4_bx         0x00000000080127fc        0x0 linker stubs

.iplt           0x00000000080127fc        0x0
 .iplt          0x00000000080127fc        0x0 c:/st/stm32cubeide_1.0.1/stm32cubeide/plugins/com.st.stm32cube.ide.mcu.externaltools.gnu-tools-for-stm32.7-2018-q2-update.win32_1.0.0.201904181610/tools/bin/../lib/gcc/arm-none-eabi/7.3.1/thumb/v7e-m/fpv4-sp/hard/crtbegin.o

.rodata         0x00000000080127fc     0x3128
                0x00000000080127fc                . = ALIGN (0x4)
 *(.rodata)
 .rodata        0x00000000080127fc       0x3c Core/Src/main.o
 .rodata        0x0000000008012838       0x70 ../Middlewares/ST/AI/Lib\NetworkRuntime500_CM4_GCC.a(ai_datatypes_format.o)
 .rodata        0x00000000080128a8       0x30 ../Middlewares/ST/AI/Lib\NetworkRuntime500_CM4_GCC.a(ai_datatypes_format.o)
 *(.rodata*)
 .rodata.AHBPrescTable
                0x00000000080128d8       0x10 Core/Src/system_stm32f4xx.o
                0x00000000080128d8                AHBPrescTable
 .rodata.APBPrescTable
                0x00000000080128e8        0x8 Core/Src/system_stm32f4xx.o
                0x00000000080128e8                APBPrescTable
 .rodata.flagBitshiftOffset.9523
                0x00000000080128f0        0x8 Drivers/STM32F4xx_HAL_Driver/Src/stm32f4xx_hal_dma.o
 .rodata.Font16_Table
                0x00000000080128f8      0xbe0 Drivers/Utilities/Fonts/font16.o
                0x00000000080128f8                Font16_Table
 .rodata.Font24_Table
                0x00000000080134d8     0x1ab8 Drivers/Utilities/Fonts/font24.o
                0x00000000080134d8                Font24_Table
 .rodata.dense_0_chain
                0x0000000008014f90        0x8 X-CUBE-AI/App/network.o
 .rodata.nl_0_chain
                0x0000000008014f98        0x8 X-CUBE-AI/App/network.o
 .rodata.dense_1_chain
                0x0000000008014fa0        0x8 X-CUBE-AI/App/network.o
 .rodata.nl_1_chain
                0x0000000008014fa8        0x8 X-CUBE-AI/App/network.o
 .rodata.dense_2_chain
                0x0000000008014fb0        0x8 X-CUBE-AI/App/network.o
 .rodata.s_network_weights.5635
                0x0000000008014fb8      0x504 X-CUBE-AI/App/network_data.o
 .rodata.atanhi
                0x00000000080154bc       0x10 c:/st/stm32cubeide_1.0.1/stm32cubeide/plugins/com.st.stm32cube.ide.mcu.externaltools.gnu-tools-for-stm32.7-2018-q2-update.win32_1.0.0.201904181610/tools/bin/../lib/gcc/arm-none-eabi/7.3.1/../../../../arm-none-eabi/lib/thumb/v7e-m/fpv4-sp/hard\libm.a(lib_a-sf_atan.o)
 .rodata.atanlo
                0x00000000080154cc       0x10 c:/st/stm32cubeide_1.0.1/stm32cubeide/plugins/com.st.stm32cube.ide.mcu.externaltools.gnu-tools-for-stm32.7-2018-q2-update.win32_1.0.0.201904181610/tools/bin/../lib/gcc/arm-none-eabi/7.3.1/../../../../arm-none-eabi/lib/thumb/v7e-m/fpv4-sp/hard\libm.a(lib_a-sf_atan.o)
 .rodata.acosf.str1.1
                0x00000000080154dc        0x6 c:/st/stm32cubeide_1.0.1/stm32cubeide/plugins/com.st.stm32cube.ide.mcu.externaltools.gnu-tools-for-stm32.7-2018-q2-update.win32_1.0.0.201904181610/tools/bin/../lib/gcc/arm-none-eabi/7.3.1/../../../../arm-none-eabi/lib/thumb/v7e-m/fpv4-sp/hard\libm.a(lib_a-wf_acos.o)
                                          0x7 (size before relaxing)
 .rodata.acoshf.str1.1
                0x00000000080154e2        0x7 c:/st/stm32cubeide_1.0.1/stm32cubeide/plugins/com.st.stm32cube.ide.mcu.externaltools.gnu-tools-for-stm32.7-2018-q2-update.win32_1.0.0.201904181610/tools/bin/../lib/gcc/arm-none-eabi/7.3.1/../../../../arm-none-eabi/lib/thumb/v7e-m/fpv4-sp/hard\libm.a(lib_a-wf_acosh.o)
 .rodata.asinf.str1.1
                0x00000000080154e9        0x6 c:/st/stm32cubeide_1.0.1/stm32cubeide/plugins/com.st.stm32cube.ide.mcu.externaltools.gnu-tools-for-stm32.7-2018-q2-update.win32_1.0.0.201904181610/tools/bin/../lib/gcc/arm-none-eabi/7.3.1/../../../../arm-none-eabi/lib/thumb/v7e-m/fpv4-sp/hard\libm.a(lib_a-wf_asin.o)
                                          0x7 (size before relaxing)
 .rodata.atanhf.str1.1
                0x00000000080154ef        0x7 c:/st/stm32cubeide_1.0.1/stm32cubeide/plugins/com.st.stm32cube.ide.mcu.externaltools.gnu-tools-for-stm32.7-2018-q2-update.win32_1.0.0.201904181610/tools/bin/../lib/gcc/arm-none-eabi/7.3.1/../../../../arm-none-eabi/lib/thumb/v7e-m/fpv4-sp/hard\libm.a(lib_a-wf_atanh.o)
 .rodata.coshf.str1.1
                0x00000000080154f6        0x7 c:/st/stm32cubeide_1.0.1/stm32cubeide/plugins/com.st.stm32cube.ide.mcu.externaltools.gnu-tools-for-stm32.7-2018-q2-update.win32_1.0.0.201904181610/tools/bin/../lib/gcc/arm-none-eabi/7.3.1/../../../../arm-none-eabi/lib/thumb/v7e-m/fpv4-sp/hard\libm.a(lib_a-wf_cosh.o)
                                          0x6 (size before relaxing)
 .rodata.expf.str1.1
                0x00000000080154f6        0x5 c:/st/stm32cubeide_1.0.1/stm32cubeide/plugins/com.st.stm32cube.ide.mcu.externaltools.gnu-tools-for-stm32.7-2018-q2-update.win32_1.0.0.201904181610/tools/bin/../lib/gcc/arm-none-eabi/7.3.1/../../../../arm-none-eabi/lib/thumb/v7e-m/fpv4-sp/hard\libm.a(lib_a-wf_exp.o)
 .rodata.fmodf.str1.1
                0x00000000080154fb        0x6 c:/st/stm32cubeide_1.0.1/stm32cubeide/plugins/com.st.stm32cube.ide.mcu.externaltools.gnu-tools-for-stm32.7-2018-q2-update.win32_1.0.0.201904181610/tools/bin/../lib/gcc/arm-none-eabi/7.3.1/../../../../arm-none-eabi/lib/thumb/v7e-m/fpv4-sp/hard\libm.a(lib_a-wf_fmod.o)
 .rodata.logf.str1.1
                0x0000000008015501        0x5 c:/st/stm32cubeide_1.0.1/stm32cubeide/plugins/com.st.stm32cube.ide.mcu.externaltools.gnu-tools-for-stm32.7-2018-q2-update.win32_1.0.0.201904181610/tools/bin/../lib/gcc/arm-none-eabi/7.3.1/../../../../arm-none-eabi/lib/thumb/v7e-m/fpv4-sp/hard\libm.a(lib_a-wf_log.o)
                                          0x6 (size before relaxing)
 .rodata.powf.str1.1
                0x0000000008015506        0x5 c:/st/stm32cubeide_1.0.1/stm32cubeide/plugins/com.st.stm32cube.ide.mcu.externaltools.gnu-tools-for-stm32.7-2018-q2-update.win32_1.0.0.201904181610/tools/bin/../lib/gcc/arm-none-eabi/7.3.1/../../../../arm-none-eabi/lib/thumb/v7e-m/fpv4-sp/hard\libm.a(lib_a-wf_pow.o)
 .rodata.sinhf.str1.1
                0x000000000801550b        0x6 c:/st/stm32cubeide_1.0.1/stm32cubeide/plugins/com.st.stm32cube.ide.mcu.externaltools.gnu-tools-for-stm32.7-2018-q2-update.win32_1.0.0.201904181610/tools/bin/../lib/gcc/arm-none-eabi/7.3.1/../../../../arm-none-eabi/lib/thumb/v7e-m/fpv4-sp/hard\libm.a(lib_a-wf_sinh.o)