stm32f429i_discovery_lcd.c:148:9:BSP_LCD_Init	8	static
stm32f429i_discovery_lcd.c:231:10:BSP_LCD_GetXSize	8	static
stm32f429i_discovery_lcd.c:240:10:BSP_LCD_GetYSize	8	static
stm32f429i_discovery_lcd.c:250:6:BSP_LCD_LayerDefaultInit	72	static
stm32f429i_discovery_lcd.c:285:6:BSP_LCD_SelectLayer	16	static
stm32f429i_discovery_lcd.c:296:6:BSP_LCD_SetLayerVisible	16	static
stm32f429i_discovery_lcd.c:318:6:BSP_LCD_SetLayerVisible_NoReload	16	static
stm32f429i_discovery_lcd.c:337:6:BSP_LCD_SetTransparency	16	static
stm32f429i_discovery_lcd.c:349:6:BSP_LCD_SetTransparency_NoReload	16	static
stm32f429i_discovery_lcd.c:359:6:BSP_LCD_SetLayerAddress	16	static
stm32f429i_discovery_lcd.c:370:6:BSP_LCD_SetLayerAddress_NoReload	16	static
stm32f429i_discovery_lcd.c:383:6:BSP_LCD_SetLayerWindow	24	static
stm32f429i_discovery_lcd.c:401:6:BSP_LCD_SetLayerWindow_NoReload	24	static
stm32f429i_discovery_lcd.c:415:6:BSP_LCD_SetColorKeying	16	static
stm32f429i_discovery_lcd.c:428:6:BSP_LCD_SetColorKeying_NoReload	16	static
stm32f429i_discovery_lcd.c:439:6:BSP_LCD_ResetColorKeying	16	static
stm32f429i_discovery_lcd.c:450:6:BSP_LCD_ResetColorKeying_NoReload	16	static
stm32f429i_discovery_lcd.c:463:6:BSP_LCD_Relaod	16	static
stm32f429i_discovery_lcd.c:472:10:BSP_LCD_GetTextColor	4	static
stm32f429i_discovery_lcd.c:481:10:BSP_LCD_GetBackColor	4	static
stm32f429i_discovery_lcd.c:490:6:BSP_LCD_SetTextColor	16	static
stm32f429i_discovery_lcd.c:499:6:BSP_LCD_SetBackColor	16	static
stm32f429i_discovery_lcd.c:508:6:BSP_LCD_SetFont	16	static
stm32f429i_discovery_lcd.c:517:8:BSP_LCD_GetFont	4	static
stm32f429i_discovery_lcd.c:528:10:BSP_LCD_ReadPixel	32	static
stm32f429i_discovery_lcd.c:562:6:BSP_LCD_Clear	40	static
stm32f429i_discovery_lcd.c:572:6:BSP_LCD_ClearStringLine	32	static
stm32f429i_discovery_lcd.c:590:6:BSP_LCD_DisplayChar	24	static
stm32f429i_discovery_lcd.c:607:6:BSP_LCD_DisplayStringAt	48	static
stm32f429i_discovery_lcd.c:661:6:BSP_LCD_DisplayStringAtLine	16	static
stm32f429i_discovery_lcd.c:672:6:BSP_LCD_DrawHLine	40	static
stm32f429i_discovery_lcd.c:689:6:BSP_LCD_DrawVLine	48	static
stm32f429i_discovery_lcd.c:707:6:BSP_LCD_DrawLine	56	static
stm32f429i_discovery_lcd.c:781:6:BSP_LCD_DrawRect	24	static
stm32f429i_discovery_lcd.c:798:6:BSP_LCD_DrawCircle	40	static
stm32f429i_discovery_lcd.c:837:6:BSP_LCD_DrawPolygon	32	static
stm32f429i_discovery_lcd.c:864:6:BSP_LCD_DrawEllipse	64	static
stm32f429i_discovery_lcd.c:896:6:BSP_LCD_DrawBitmap	56	static
stm32f429i_discovery_lcd.c:953:6:BSP_LCD_FillRect	48	static
stm32f429i_discovery_lcd.c:973:6:BSP_LCD_FillCircle	32	static
stm32f429i_discovery_lcd.c:1024:6:BSP_LCD_FillTriangle	56	static
stm32f429i_discovery_lcd.c:1097:6:BSP_LCD_FillPolygon	64	static
stm32f429i_discovery_lcd.c:1165:6:BSP_LCD_FillEllipse	56	static
stm32f429i_discovery_lcd.c:1193:6:BSP_LCD_DisplayOn	8	static
stm32f429i_discovery_lcd.c:1204:6:BSP_LCD_DisplayOff	8	static
stm32f429i_discovery_lcd.c:1219:13:BSP_LCD_MspInit	64	static
stm32f429i_discovery_lcd.c:1303:6:BSP_LCD_DrawPixel	24	static
stm32f429i_discovery_lcd.c:1315:13:DrawChar	40	static
stm32f429i_discovery_lcd.c:1372:13:FillBuffer	32	static
stm32f429i_discovery_lcd.c:1403:13:ConvertLineToARGB8888	32	static
